Component: ARM Compiler 5.06 update 4 (build 422) Tool: armlink [4d35d2]

==============================================================================

Section Cross References

    startup_stm32f103xb.o(STACK) refers (Special) to heapauxi.o(.text) for __use_two_region_memory
    startup_stm32f103xb.o(HEAP) refers (Special) to heapauxi.o(.text) for __use_two_region_memory
    startup_stm32f103xb.o(RESET) refers (Special) to heapauxi.o(.text) for __use_two_region_memory
    startup_stm32f103xb.o(RESET) refers to startup_stm32f103xb.o(STACK) for __initial_sp
    startup_stm32f103xb.o(RESET) refers to startup_stm32f103xb.o(.text) for Reset_Handler
    startup_stm32f103xb.o(RESET) refers to stm32f1xx_it.o(i.NMI_Handler) for NMI_Handler
    startup_stm32f103xb.o(RESET) refers to stm32f1xx_it.o(i.HardFault_Handler) for HardFault_Handler
    startup_stm32f103xb.o(RESET) refers to stm32f1xx_it.o(i.MemManage_Handler) for MemManage_Handler
    startup_stm32f103xb.o(RESET) refers to stm32f1xx_it.o(i.BusFault_Handler) for BusFault_Handler
    startup_stm32f103xb.o(RESET) refers to stm32f1xx_it.o(i.UsageFault_Handler) for UsageFault_Handler
    startup_stm32f103xb.o(RESET) refers to stm32f1xx_it.o(i.SVC_Handler) for SVC_Handler
    startup_stm32f103xb.o(RESET) refers to stm32f1xx_it.o(i.DebugMon_Handler) for DebugMon_Handler
    startup_stm32f103xb.o(RESET) refers to stm32f1xx_it.o(i.PendSV_Handler) for PendSV_Handler
    startup_stm32f103xb.o(RESET) refers to stm32f1xx_it.o(i.SysTick_Handler) for SysTick_Handler
    startup_stm32f103xb.o(RESET) refers to stm32f1xx_it.o(i.EXTI0_IRQHandler) for EXTI0_IRQHandler
    startup_stm32f103xb.o(RESET) refers to stm32f1xx_it.o(i.EXTI3_IRQHandler) for EXTI3_IRQHandler
    startup_stm32f103xb.o(RESET) refers to stm32f1xx_it.o(i.EXTI4_IRQHandler) for EXTI4_IRQHandler
    startup_stm32f103xb.o(RESET) refers to stm32f1xx_it.o(i.DMA1_Channel5_IRQHandler) for DMA1_Channel5_IRQHandler
    startup_stm32f103xb.o(RESET) refers to stm32f1xx_it.o(i.EXTI9_5_IRQHandler) for EXTI9_5_IRQHandler
    startup_stm32f103xb.o(RESET) refers to stm32f1xx_it.o(i.TIM2_IRQHandler) for TIM2_IRQHandler
    startup_stm32f103xb.o(RESET) refers to stm32f1xx_it.o(i.TIM3_IRQHandler) for TIM3_IRQHandler
    startup_stm32f103xb.o(RESET) refers to stm32f1xx_it.o(i.TIM4_IRQHandler) for TIM4_IRQHandler
    startup_stm32f103xb.o(RESET) refers to stm32f1xx_it.o(i.USART1_IRQHandler) for USART1_IRQHandler
    startup_stm32f103xb.o(RESET) refers to stm32f1xx_it.o(i.EXTI15_10_IRQHandler) for EXTI15_10_IRQHandler
    startup_stm32f103xb.o(.text) refers (Special) to heapauxi.o(.text) for __use_two_region_memory
    startup_stm32f103xb.o(.text) refers to system_stm32f1xx.o(i.SystemInit) for SystemInit
    startup_stm32f103xb.o(.text) refers to __main.o(!!!main) for __main
    startup_stm32f103xb.o(.text) refers to startup_stm32f103xb.o(HEAP) for Heap_Mem
    startup_stm32f103xb.o(.text) refers to startup_stm32f103xb.o(STACK) for Stack_Mem
    main.o(i.ADC_CHECK) refers to main.o(i.MEASURMENT) for MEASURMENT
    main.o(i.ADC_CHECK) refers to stm32f1xx_hal_gpio.o(i.HAL_GPIO_WritePin) for HAL_GPIO_WritePin
    main.o(i.ADC_CHECK) refers to main.o(.data) for .data
    main.o(i.AUTOPILOT) refers to stm32f1xx_hal_gpio.o(i.HAL_GPIO_WritePin) for HAL_GPIO_WritePin
    main.o(i.AUTOPILOT) refers to stm32f1xx_hal_gpio.o(.data) for KEY
    main.o(i.AUTOPILOT) refers to page2.o(.data) for CR
    main.o(i.AUTOPILOT) refers to main.o(.data) for .data
    main.o(i.MEASURMENT) refers to stm32f1xx_hal_adc.o(i.HAL_ADC_Start) for HAL_ADC_Start
    main.o(i.MEASURMENT) refers to stm32f1xx_hal_adc.o(i.HAL_ADC_PollForConversion) for HAL_ADC_PollForConversion
    main.o(i.MEASURMENT) refers to stm32f1xx_hal_adc.o(i.HAL_ADC_GetValue) for HAL_ADC_GetValue
    main.o(i.MEASURMENT) refers to fflt_clz.o(x$fpl$ffltu) for __aeabi_ui2f
    main.o(i.MEASURMENT) refers to adc.o(.bss) for hadc2
    main.o(i.MEASURMENT) refers to main.o(.data) for .data
    main.o(i.SystemClock_Config) refers to rt_memclr_w.o(.text) for __aeabi_memclr4
    main.o(i.SystemClock_Config) refers to stm32f1xx_hal_rcc.o(i.HAL_RCC_OscConfig) for HAL_RCC_OscConfig
    main.o(i.SystemClock_Config) refers to stm32f1xx_hal_rcc.o(i.HAL_RCC_ClockConfig) for HAL_RCC_ClockConfig
    main.o(i.SystemClock_Config) refers to stm32f1xx_hal_rcc_ex.o(i.HAL_RCCEx_PeriphCLKConfig) for HAL_RCCEx_PeriphCLKConfig
    main.o(i.first_buzzer) refers to stm32f1xx_hal_gpio.o(i.HAL_GPIO_WritePin) for HAL_GPIO_WritePin
    main.o(i.first_buzzer) refers to stm32f1xx_hal_i2c.o(i.HAL_I2C_Master_Transmit) for HAL_I2C_Master_Transmit
    main.o(i.first_buzzer) refers to main.o(.data) for .data
    main.o(i.first_buzzer) refers to usart.o(.data) for TX_Buffer7
    main.o(i.first_buzzer) refers to i2c.o(.bss) for hi2c1
    main.o(i.lk) refers to stm32f1xx_hal_flash.o(i.HAL_FLASH_Lock) for HAL_FLASH_Lock
    main.o(i.lk) refers to main.o(.data) for .data
[...]
    i.second_buzzer                          0x08006b58   Section        0  main.o(i.second_buzzer)
    i.set_time_date                          0x08006ba8   Section        0  menu.o(i.set_time_date)
    i.set_time_watch                         0x08006d24   Section        0  menu.o(i.set_time_watch)
    i.time_dis                               0x08006f24   Section        0  menu.o(i.time_dis)
    locale$$code                             0x08006fb4   Section       44  lc_numeric_c.o(locale$$code)
    x$fpl$dretinf                            0x08006fe0   Section       12  dretinf.o(x$fpl$dretinf)
    x$fpl$f2d                                0x08006fec   Section       86  f2d.o(x$fpl$f2d)
    x$fpl$fdiv                               0x08007044   Section      388  fdiv.o(x$fpl$fdiv)
    _fdiv1                                   0x08007045   Thumb Code     0  fdiv.o(x$fpl$fdiv)
    x$fpl$ffltu                              0x080071c8   Section       38  fflt_clz.o(x$fpl$ffltu)
    x$fpl$fmul                               0x080071f0   Section      258  fmul.o(x$fpl$fmul)
    x$fpl$fnaninf                            0x080072f2   Section      140  fnaninf.o(x$fpl$fnaninf)
    x$fpl$fretinf                            0x0800737e   Section       10  fretinf.o(x$fpl$fretinf)
    x$fpl$printf1                            0x08007388   Section        4  printf1.o(x$fpl$printf1)
    .constdata                               0x0800738c   Section       18  stm32f1xx_hal_rcc.o(.constdata)
    x$fpl$usenofp                            0x0800738c   Section        0  usenofp.o(x$fpl$usenofp)
    aPredivFactorTable                       0x0800738c   Data           2  stm32f1xx_hal_rcc.o(.constdata)
    aPLLMULFactorTable                       0x0800738e   Data          16  stm32f1xx_hal_rcc.o(.constdata)
    .constdata                               0x0800739e   Section       18  stm32f1xx_hal_rcc_ex.o(.constdata)
    aPredivFactorTable                       0x0800739e   Data           2  stm32f1xx_hal_rcc_ex.o(.constdata)
    aPLLMULFactorTable                       0x080073a0   Data          16  stm32f1xx_hal_rcc_ex.o(.constdata)
    .constdata                               0x080073b0   Section       12  stm32f1xx_hal_rtc.o(.constdata)
    .constdata                               0x080073bc   Section       16  system_stm32f1xx.o(.constdata)
    .constdata                               0x080073cc   Section        8  system_stm32f1xx.o(.constdata)
    .constdata                               0x080073d4   Section       40  _printf_hex_int.o(.constdata)
    uc_hextab                                0x080073d4   Data          20  _printf_hex_int.o(.constdata)
    lc_hextab                                0x080073e8   Data          20  _printf_hex_int.o(.constdata)
    .constdata                               0x080073fc   Section       17  __printf_flags_wp.o(.constdata)
    maptable                                 0x080073fc   Data          17  __printf_flags_wp.o(.constdata)
    .constdata                               0x08007410   Section      148  bigflt0.o(.constdata)
    tenpwrs_x                                0x08007410   Data          60  bigflt0.o(.constdata)
    tenpwrs_i                                0x0800744c   Data          64  bigflt0.o(.constdata)
    locale$$data                             0x080074c4   Section       28  lc_numeric_c.o(locale$$data)
    __lcnum_c_name                           0x080074c8   Data           2  lc_numeric_c.o(locale$$data)
    __lcnum_c_start                          0x080074d0   Data           0  lc_numeric_c.o(locale$$data)
    __lcnum_c_point                          0x080074dc   Data           0  lc_numeric_c.o(locale$$data)
    __lcnum_c_thousands                      0x080074de   Data           0  lc_numeric_c.o(locale$$data)
    __lcnum_c_grouping                       0x080074df   Data           0  lc_numeric_c.o(locale$$data)
    __lcnum_c_end                            0x080074e0   Data           0  lc_numeric_c.o(locale$$data)
    .data                                    0x20000000   Section       32  main.o(.data)
    .data                                    0x20000020   Section        1  main.o(.data)
    .data                                    0x20000021   Section        1  main.o(.data)
    .data                                    0x20000022   Section        1  main.o(.data)
    .data                                    0x20000024   Section       20  tim.o(.data)
    .data                                    0x20000038   Section       10  usart.o(.data)
    .data                                    0x20000044   Section       16  event_save.o(.data)
    .data                                    0x20000054   Section        8  page3.o(.data)
    .data                                    0x2000005c   Section        4  page2.o(.data)
    .data                                    0x20000060   Section        1  lcd_4bit.o(.data)
    .data                                    0x20000062   Section       20  menu.o(.data)
    .data                                    0x20000078   Section       12  stm32f1xx_hal.o(.data)
    .data                                    0x20000084   Section       16  stm32f1xx_hal_gpio.o(.data)
    .data                                    0x20000094   Section        2  stm32f1xx_hal_gpio.o(.data)
    .data                                    0x20000098   Section       12  stm32f1xx_hal_i2c.o(.data)
    .data                                    0x200000a4   Section        4  stm32f1xx_hal_rtc.o(.data)
    day_count                                0x200000a4   Data           4  stm32f1xx_hal_rtc.o(.data)
    .data                                    0x200000a8   Section        4  system_stm32f1xx.o(.data)
    .bss                                     0x200000ac   Section       92  main.o(.bss)
    .bss                                     0x20000108   Section       72  main.o(.bss)
    .bss                                     0x20000150   Section       72  main.o(.bss)
    .bss                                     0x20000198   Section       72  main.o(.bss)
    .bss                                     0x200001e0   Section       96  adc.o(.bss)
    .bss                                     0x20000240   Section       84  i2c.o(.bss)
    .bss                                     0x20000294   Section       20  rtc.o(.bss)
    .bss                                     0x200002a8   Section      168  usart.o(.bss)
    .bss                                     0x20000350   Section      390  event_save.o(.bss)
    .bss                                     0x200004d6   Section       40  page2.o(.bss)
    .bss                                     0x20000500   Section       32  stm32f1xx_hal_flash.o(.bss)
    .bss                                     0x20000520   Section       96  libspace.o(.bss)
    HEAP                                     0x20000580   Section      512  startup_stm32f103xb.o(HEAP)
    Heap_Mem                                 0x20000580   Data         512  startup_stm32f103xb.o(HEAP)
    STACK                                    0x20000780   Section     1024  startup_stm32f103xb.o(STACK)
    Stack_Mem                                0x20000780   Data        1024  startup_stm32f103xb.o(STACK)
    __initial_sp                             0x20000b80   Data           0  startup_stm32f103xb.o(STACK)

    Global Symbols

    Symbol Name                              Value     Ov Type        Size  Object(Section)

    BuildAttributes$$THM_ISAv4$P$D$K$B$S$PE$A:L22UL41UL21$X:L11$S22US41US21$IEEE1$IW$USESV6$~STKCKD$USESV7$~SHL$OTIME$ROPI$IEEEJ$EBA8$UX$STANDARDLIB$REQ8$PRES8$EABIv2 0x00000000   Number         0  anon$$obj.o ABSOLUTE
    __ARM_use_no_argv                        0x00000000   Number         0  main.o ABSOLUTE
    _printf_flags                            0x00000000   Number         0  printf_stubs.o ABSOLUTE
    _printf_return_value                     0x00000000   Number         0  printf_stubs.o ABSOLUTE
    _printf_sizespec                         0x00000000   Number         0  printf_stubs.o ABSOLUTE
    _printf_widthprec                        0x00000000   Number         0  printf_stubs.o ABSOLUTE
    __ARM_exceptions_init                     - Undefined Weak Reference
    __alloca_initialize                       - Undefined Weak Reference
    __arm_preinit_                            - Undefined Weak Reference
    __cpp_initialize__aeabi_                  - Undefined Weak Reference
    __cxa_finalize                            - Undefined Weak Reference
    __sigvec_lookup                           - Undefined Weak Reference
    _atexit_init                              - Undefined Weak Reference
    _call_atexit_fns                          - Undefined Weak Reference
    _clock_init                               - Undefined Weak Reference
    _fp_trap_init                             - Undefined Weak Reference
    _fp_trap_shutdown                         - Undefined Weak Reference
    _get_lc_collate                           - Undefined Weak Reference
    _get_lc_ctype                             - Undefined Weak Reference
    _get_lc_monetary                          - Undefined Weak Reference
    _get_lc_time                              - Undefined Weak Reference
    _getenv_init                              - Undefined Weak Reference
    _handle_redirection                       - Undefined Weak Reference
    _init_alloc                               - Undefined Weak Reference
    _init_user_alloc                          - Undefined Weak Reference
    _initio                                   - Undefined Weak Reference
    _printf_mbtowc                            - Undefined Weak Reference
    _printf_truncate_signed                   - Undefined Weak Reference
    _printf_truncate_unsigned                 - Undefined Weak Reference
    _rand_init                                - Undefined Weak Reference
    _signal_finish                            - Undefined Weak Reference
    _signal_init                              - Undefined Weak Reference
    _terminate_alloc                          - Undefined Weak Reference
    _terminate_user_alloc                     - Undefined Weak Reference
    _terminateio                              - Undefined Weak Reference
    __Vectors_Size                           0x000000ec   Number         0  startup_stm32f103xb.o ABSOLUTE
    __Vectors                                0x08000000   Data           4  startup_stm32f103xb.o(RESET)
    __Vectors_End                            0x080000ec   Data           0  startup_stm32f103xb.o(RESET)
    __main                                   0x080000ed   Thumb Code     8  __main.o(!!!main)
    __scatterload                            0x080000f5   Thumb Code     0  __scatter.o(!!!scatter)
    __scatterload_rt2                        0x080000f5   Thumb Code    44  __scatter.o(!!!scatter)
    __scatterload_rt2_thumb_only             0x080000f5   Thumb Code     0  __scatter.o(!!!scatter)
    __scatterload_null                       0x08000103   Thumb Code     0  __scatter.o(!!!scatter)
    __scatterload_copy                       0x08000129   Thumb Code    26  __scatter_copy.o(!!handler_copy)
    __scatterload_zeroinit                   0x08000145   Thumb Code    28  __scatter_zi.o(!!handler_zi)
    _printf_f                                0x08000161   Thumb Code     0  _printf_f.o(.ARM.Collect$$_printf_percent$$00000003)
    _printf_percent                          0x08000161   Thumb Code     0  _printf_percent.o(.ARM.Collect$$_printf_percent$$00000000)
    _printf_d                                0x08000167   Thumb Code     0  _printf_d.o(.ARM.Collect$$_printf_percent$$00000009)
    _printf_x                                0x0800016d   Thumb Code     0  _printf_x.o(.ARM.Collect$$_printf_percent$$0000000C)
    _printf_c                                0x08000173   Thumb Code     0  _printf_c.o(.ARM.Collect$$_printf_percent$$00000013)
    _printf_percent_end                      0x08000179   Thumb Code     0  _printf_percent_end.o(.ARM.Collect$$_printf_percent$$00000017)
    __rt_lib_init                            0x0800017d   Thumb Code     0  libinit.o(.ARM.Collect$$libinit$$00000000)
    __rt_lib_init_fp_1                       0x0800017f   Thumb Code     0  libinit2.o(.ARM.Collect$$libinit$$00000002)
    __rt_lib_init_heap_1                     0x0800017f   Thumb Code     0  libinit2.o(.ARM.Collect$$libinit$$0000000A)
    __rt_lib_init_lc_common                  0x0800017f   Thumb Code     0  libinit2.o(.ARM.Collect$$libinit$$0000000F)
    __rt_lib_init_preinit_1                  0x0800017f   Thumb Code     0  libinit2.o(.ARM.Collect$$libinit$$00000004)
    __rt_lib_init_rand_1                     0x0800017f   Thumb Code     0  libinit2.o(.ARM.Collect$$libinit$$0000000E)
    __rt_lib_init_user_alloc_1               0x0800017f   Thumb Code     0  libinit2.o(.ARM.Collect$$libinit$$0000000C)
    __rt_lib_init_lc_collate_1               0x08000185   Thumb Code     0  libinit2.o(.ARM.Collect$$libinit$$00000011)
    __rt_lib_init_lc_ctype_1                 0x08000185   Thumb Code     0  libinit2.o(.ARM.Collect$$libinit$$00000013)
    __rt_lib_init_lc_monetary_1              0x08000185   Thumb Code     0  libinit2.o(.ARM.Collect$$libinit$$00000015)
    __rt_lib_init_lc_numeric_2               0x08000185   Thumb Code     0  libinit2.o(.ARM.Collect$$libinit$$00000016)
    __rt_lib_init_alloca_1                   0x0800018f   Thumb Code     0  libinit2.o(.ARM.Collect$$libinit$$0000002E)
    __rt_lib_init_argv_1                     0x0800018f   Thumb Code     0  libinit2.o(.ARM.Collect$$libinit$$0000002C)
    __rt_lib_init_atexit_1                   0x0800018f   Thumb Code     0  libinit2.o(.ARM.Collect$$libinit$$0000001B)
    __rt_lib_init_clock_1                    0x0800018f   Thumb Code     0  libinit2.o(.ARM.Collect$$libinit$$00000021)
    __rt_lib_init_cpp_1                      0x0800018f   Thumb Code     0  libinit2.o(.ARM.Collect$$libinit$$00000032)
    __rt_lib_init_exceptions_1               0x0800018f   Thumb Code     0  libinit2.o(.ARM.Collect$$libinit$$00000030)
    __rt_lib_init_fp_trap_1                  0x0800018f   Thumb Code     0  libinit2.o(.ARM.Collect$$libinit$$0000001F)
    __rt_lib_init_getenv_1                   0x0800018f   Thumb Code     0  libinit2.o(.ARM.Collect$$libinit$$00000023)
    __rt_lib_init_lc_numeric_1               0x0800018f   Thumb Code     0  libinit2.o(.ARM.Collect$$libinit$$00000017)
    __rt_lib_init_lc_time_1                  0x0800018f   Thumb Code     0  libinit2.o(.ARM.Collect$$libinit$$00000019)
    __rt_lib_init_return                     0x0800018f   Thumb Code     0  libinit2.o(.ARM.Collect$$libinit$$00000033)
    __rt_lib_init_signal_1                   0x0800018f   Thumb Code     0  libinit2.o(.ARM.Collect$$libinit$$0000001D)
    __rt_lib_init_stdio_1                    0x0800018f   Thumb Code     0  libinit2.o(.ARM.Collect$$libinit$$00000025)
    __rt_lib_shutdown                        0x08000191   Thumb Code     0  libshutdown.o(.ARM.Collect$$libshutdown$$00000000)
    __rt_lib_shutdown_cpp_1                  0x08000193   Thumb Code     0  libshutdown2.o(.ARM.Collect$$libshutdown$$00000002)
    __rt_lib_shutdown_fp_trap_1              0x08000193   Thumb Code     0  libshutdown2.o(.ARM.Collect$$libshutdown$$00000007)
    __rt_lib_shutdown_heap_1                 0x08000193   Thumb Code     0  libshutdown2.o(.ARM.Collect$$libshutdown$$0000000F)
    __rt_lib_shutdown_return                 0x08000193   Thumb Code     0  libshutdown2.o(.ARM.Collect$$libshutdown$$00000010)
    __rt_lib_shutdown_signal_1               0x08000193   Thumb Code     0  libshutdown2.o(.ARM.Collect$$libshutdown$$0000000A)
    __rt_lib_shutdown_stdio_1                0x08000193   Thumb Code     0  libshutdown2.o(.ARM.Collect$$libshutdown$$00000004)
    __rt_lib_shutdown_user_alloc_1           0x08000193   Thumb Code     0  libshutdown2.o(.ARM.Collect$$libshutdown$$0000000C)
    __rt_entry                               0x08000195   Thumb Code     0  __rtentry.o(.ARM.Collect$$rtentry$$00000000)
    __rt_entry_presh_1                       0x08000195   Thumb Code     0  __rtentry2.o(.ARM.Collect$$rtentry$$00000002)
    __rt_entry_sh                            0x08000195   Thumb Code     0  __rtentry4.o(.ARM.Collect$$rtentry$$00000004)
    __rt_entry_li                            0x0800019b   Thumb Code     0  __rtentry2.o(.ARM.Collect$$rtentry$$0000000A)
    __rt_entry_postsh_1                      0x0800019b   Thumb Code     0  __rtentry2.o(.ARM.Collect$$rtentry$$00000009)
    __rt_entry_main                          0x0800019f   Thumb Code     0  __rtentry2.o(.ARM.Collect$$rtentry$$0000000D)
    __rt_entry_postli_1                      0x0800019f   Thumb Code     0  __rtentry2.o(.ARM.Collect$$rtentry$$0000000C)
    __rt_exit                                0x080001a7   Thumb Code     0  rtexit.o(.ARM.Collect$$rtexit$$00000000)
    __rt_exit_ls                             0x080001a9   Thumb Code     0  rtexit2.o(.ARM.Collect$$rtexit$$00000003)
    __rt_exit_prels_1                        0x080001a9   Thumb Code     0  rtexit2.o(.ARM.Collect$$rtexit$$00000002)
    __rt_exit_exit                           0x080001ad   Thumb Code     0  rtexit2.o(.ARM.Collect$$rtexit$$00000004)
    Reset_Handler                            0x080001b5   Thumb Code     8  startup_stm32f103xb.o(.text)
    ADC1_2_IRQHandler                        0x080001cf   Thumb Code     0  startup_stm32f103xb.o(.text)
    CAN1_RX1_IRQHandler                      0x080001cf   Thumb Code     0  startup_stm32f103xb.o(.text)
    CAN1_SCE_IRQHandler                      0x080001cf   Thumb Code     0  startup_stm32f103xb.o(.text)
    DMA1_Channel1_IRQHandler                 0x080001cf   Thumb Code     0  startup_stm32f103xb.o(.text)
    DMA1_Channel2_IRQHandler                 0x080001cf   Thumb Code     0  startup_stm32f103xb.o(.text)
    DMA1_Channel3_IRQHandler                 0x080001cf   Thumb Code     0  startup_stm32f103xb.o(.text)
    DMA1_Channel4_IRQHandler                 0x080001cf   Thumb Code     0  startup_stm32f103xb.o(.text)
    DMA1_Channel6_IRQHandler                 0x080001cf   Thumb Code     0  startup_stm32f103xb.o(.text)
    DMA1_Channel7_IRQHandler                 0x080001cf   Thumb Code     0  startup_stm32f103xb.o(.text)
    EXTI1_IRQHandler                         0x080001cf   Thumb Code     0  startup_stm32f103xb.o(.text)
    EXTI2_IRQHandler                         0x080001cf   Thumb Code     0  startup_stm32f103xb.o(.text)
    FLASH_IRQHandler                         0x080001cf   Thumb Code     0  startup_stm32f103xb.o(.text)
    I2C1_ER_IRQHandler                       0x080001cf   Thumb Code     0  startup_stm32f103xb.o(.text)
    I2C1_EV_IRQHandler                       0x080001cf   Thumb Code     0  startup_stm32f103xb.o(.text)
    I2C2_ER_IRQHandler                       0x080001cf   Thumb Code     0  startup_stm32f103xb.o(.text)
    I2C2_EV_IRQHandler                       0x080001cf   Thumb Code     0  startup_stm32f103xb.o(.text)
    PVD_IRQHandler                           0x080001cf   Thumb Code     0  startup_stm32f103xb.o(.text)
    RCC_IRQHandler                           0x080001cf   Thumb Code     0  startup_stm32f103xb.o(.text)
    RTC_Alarm_IRQHandler                     0x080001cf   Thumb Code     0  startup_stm32f103xb.o(.text)
    RTC_IRQHandler                           0x080001cf   Thumb Code     0  startup_stm32f103xb.o(.text)
    SPI1_IRQHandler                          0x080001cf   Thumb Code     0  startup_stm32f103xb.o(.text)
    SPI2_IRQHandler                          0x080001cf   Thumb Code     0  startup_stm32f103xb.o(.text)
    TAMPER_IRQHandler                        0x080001cf   Thumb Code     0  startup_stm32f103xb.o(.text)
    TIM1_BRK_IRQHandler                      0x080001cf   Thumb Code     0  startup_stm32f103xb.o(.text)
    TIM1_CC_IRQHandler                       0x080001cf   Thumb Code     0  startup_stm32f103xb.o(.text)
    TIM1_TRG_COM_IRQHandler                  0x080001cf   Thumb Code     0  startup_stm32f103xb.o(.text)
    TIM1_UP_IRQHandler                       0x080001cf   Thumb Code     0  startup_stm32f103xb.o(.text)
    USART2_IRQHandler                        0x080001cf   Thumb Code     0  startup_stm32f103xb.o(.text)
    USART3_IRQHandler                        0x080001cf   Thumb Code     0  startup_stm32f103xb.o(.text)
    USBWakeUp_IRQHandler                     0x080001cf   Thumb Code     0  startup_stm32f103xb.o(.text)
    USB_HP_CAN1_TX_IRQHandler                0x080001cf   Thumb Code     0  startup_stm32f103xb.o(.text)
    USB_LP_CAN1_RX0_IRQHandler               0x080001cf   Thumb Code     0  startup_stm32f103xb.o(.text)
    WWDG_IRQHandler                          0x080001cf   Thumb Code     0  startup_stm32f103xb.o(.text)
    __user_initial_stackheap                 0x080001d1   Thumb Code     0  startup_stm32f103xb.o(.text)
    __2sprintf                               0x080001f5   Thumb Code    34  noretval__2sprintf.o(.text)
    _printf_pre_padding                      0x0800021d   Thumb Code    44  _printf_pad.o(.text)
    _printf_post_padding                     0x08000249   Thumb Code    34  _printf_pad.o(.text)
    _printf_str                              0x0800026b   Thumb Code    82  _printf_str.o(.text)
    _printf_int_dec                          0x080002bd   Thumb Code   104  _printf_dec.o(.text)
    _printf_int_hex                          0x08000335   Thumb Code    84  _printf_hex_int.o(.text)
    _printf_longlong_hex                     0x08000335   Thumb Code     0  _printf_hex_int.o(.text)
    __printf                                 0x0800038d   Thumb Code   308  __printf_flags_wp.o(.text)
    __aeabi_memclr4                          0x080004c5   Thumb Code     0  rt_memclr_w.o(.text)
    __aeabi_memclr8                          0x080004c5   Thumb Code     0  rt_memclr_w.o(.text)
    __rt_memclr_w                            0x080004c5   Thumb Code    78  rt_memclr_w.o(.text)
    _memset_w                                0x080004c9   Thumb Code     0  rt_memclr_w.o(.text)
    __use_two_region_memory                  0x08000513   Thumb Code     2  heapauxi.o(.text)
    __rt_heap_escrow$2region                 0x08000515   Thumb Code     2  heapauxi.o(.text)
    __rt_heap_expand$2region                 0x08000517   Thumb Code     2  heapauxi.o(.text)
    _printf_int_common                       0x08000519   Thumb Code   178  _printf_intcommon.o(.text)
    __lib_sel_fp_printf                      0x080005cb   Thumb Code     2  _printf_fp_dec.o(.text)
    _printf_fp_dec_real                      0x08000779   Thumb Code   620  _printf_fp_dec.o(.text)
    _printf_char_common                      0x080009ef   Thumb Code    32  _printf_char_common.o(.text)
    _sputc                                   0x08000a15   Thumb Code    10  _sputc.o(.text)
    _printf_cs_common                        0x08000a1f   Thumb Code    20  _printf_char.o(.text)
    _printf_char                             0x08000a33   Thumb Code    16  _printf_char.o(.text)
    _printf_string                           0x08000a43   Thumb Code     8  _printf_char.o(.text)
    __rt_locale                              0x08000a4d   Thumb Code     8  rt_locale_intlibspace.o(.text)
    _ll_udiv10                               0x08000a55   Thumb Code   138  lludiv10.o(.text)
    _printf_fp_infnan                        0x08000ae1   Thumb Code   112  _printf_fp_infnan.o(.text)
    _btod_etento                             0x08000b61   Thumb Code   216  bigflt0.o(.text)
    __user_libspace                          0x08000c3d   Thumb Code     8  libspace.o(.text)
    __user_perproc_libspace                  0x08000c3d   Thumb Code     0  libspace.o(.text)
    __user_perthread_libspace                0x08000c3d   Thumb Code     0  libspace.o(.text)
    __user_setup_stackheap                   0x08000c45   Thumb Code    74  sys_stackheap_outer.o(.text)
    exit                                     0x08000c8f   Thumb Code    18  exit.o(.text)
    strcmp                                   0x08000ca1   Thumb Code   128  strcmpv7m.o(.text)
    _sys_exit                                0x08000d21   Thumb Code     8  sys_exit.o(.text)
    __I$use$semihosting                      0x08000d2d   Thumb Code     0  use_no_semi.o(.text)
    __use_no_semihosting_swi                 0x08000d2d   Thumb Code     2  use_no_semi.o(.text)
    __semihosting_library_function           0x08000d2f   Thumb Code     0  indicate_semi.o(.text)
    _btod_d2e                                0x08000d2f   Thumb Code    62  btod.o(CL$$btod_d2e)
    _d2e_denorm_low                          0x08000d6d   Thumb Code    70  btod.o(CL$$btod_d2e_denorm_low)
    _d2e_norm_op1                            0x08000db3   Thumb Code    96  btod.o(CL$$btod_d2e_norm_op1)
    __btod_div_common                        0x08000e13   Thumb Code   696  btod.o(CL$$btod_div_common)
    _e2e                                     0x0800114b   Thumb Code   198  btod.o(CL$$btod_e2e)
    _btod_ediv                               0x08001211   Thumb Code    40  btod.o(CL$$btod_ediv)
    _btod_emul                               0x08001239   Thumb Code    40  btod.o(CL$$btod_emul)
    __btod_mult_common                       0x08001261   Thumb Code   580  btod.o(CL$$btod_mult_common)
    ABOUT                                    0x080014a5   Thumb Code    84  menu.o(i.ABOUT)
    ADC_CHECK                                0x08001531   Thumb Code   112  main.o(i.ADC_CHECK)
    ADC_ConversionStop_Disable               0x080015b1   Thumb Code    86  stm32f1xx_hal_adc.o(i.ADC_ConversionStop_Disable)
    ADC_Enable                               0x08001609   Thumb Code   114  stm32f1xx_hal_adc.o(i.ADC_Enable)
    ALARAM_EXTERNAL_TEST                     0x08001685   Thumb Code   220  page3.o(i.ALARAM_EXTERNAL_TEST)
    ALARAM_FAULT                             0x08001795   Thumb Code   118  page3.o(i.ALARAM_FAULT)
    ALARAM_INTERNAL_TEST                     0x0800184d   Thumb Code   182  page3.o(i.ALARAM_INTERNAL_TEST)
    AUTOPILOT                                0x08001935   Thumb Code    52  main.o(i.AUTOPILOT)
    BusFault_Handler                         0x0800197d   Thumb Code     2  stm32f1xx_it.o(i.BusFault_Handler)
    CHECK                                    0x08001981   Thumb Code    40  page2.o(i.CHECK)
    DMA1_Channel5_IRQHandler                 0x080019bd   Thumb Code     6  stm32f1xx_it.o(i.DMA1_Channel5_IRQHandler)
    DebugMon_Handler                         0x080019f3   Thumb Code     2  stm32f1xx_it.o(i.DebugMon_Handler)
    EXTI0_IRQHandler                         0x080019f5   Thumb Code     6  stm32f1xx_it.o(i.EXTI0_IRQHandler)
    EXTI15_10_IRQHandler                     0x080019fb   Thumb Code    30  stm32f1xx_it.o(i.EXTI15_10_IRQHandler)
    EXTI3_IRQHandler                         0x08001a19   Thumb Code     6  stm32f1xx_it.o(i.EXTI3_IRQHandler)
    EXTI4_IRQHandler                         0x08001a1f   Thumb Code     6  stm32f1xx_it.o(i.EXTI4_IRQHandler)
    EXTI9_5_IRQHandler                       0x08001a25   Thumb Code    32  stm32f1xx_it.o(i.EXTI9_5_IRQHandler)
    Error_Handler                            0x08001a45   Thumb Code     4  main.o(i.Error_Handler)
    FLASH_PageErase                          0x08001a49   Thumb Code    28  stm32f1xx_hal_flash_ex.o(i.FLASH_PageErase)
    FLASH_Program_HalfWord                   0x08001a6d   Thumb Code    20  stm32f1xx_hal_flash.o(i.FLASH_Program_HalfWord)
    HAL_ADC_ConfigChannel                    0x08001a89   Thumb Code   240  stm32f1xx_hal_adc.o(i.HAL_ADC_ConfigChannel)
    HAL_ADC_GetValue                         0x08001b85   Thumb Code     6  stm32f1xx_hal_adc.o(i.HAL_ADC_GetValue)
    HAL_ADC_Init                             0x08001b8d   Thumb Code   272  stm32f1xx_hal_adc.o(i.HAL_ADC_Init)
    HAL_ADC_MspInit                          0x08001ca9   Thumb Code   118  adc.o(i.HAL_ADC_MspInit)
    HAL_ADC_PollForConversion                0x08001d31   Thumb Code   304  stm32f1xx_hal_adc.o(i.HAL_ADC_PollForConversion)
    HAL_ADC_Start                            0x08001e6d   Thumb Code   184  stm32f1xx_hal_adc.o(i.HAL_ADC_Start)
    HAL_DMA_Abort                            0x08001f2d   Thumb Code    70  stm32f1xx_hal_dma.o(i.HAL_DMA_Abort)
    HAL_DMA_Abort_IT                         0x08001f75   Thumb Code   148  stm32f1xx_hal_dma.o(i.HAL_DMA_Abort_IT)
    HAL_DMA_IRQHandler                       0x0800200d   Thumb Code   316  stm32f1xx_hal_dma.o(i.HAL_DMA_IRQHandler)
    HAL_DMA_Init                             0x08002161   Thumb Code    84  stm32f1xx_hal_dma.o(i.HAL_DMA_Init)
    HAL_DMA_Start_IT                         0x080021bd   Thumb Code   112  stm32f1xx_hal_dma.o(i.HAL_DMA_Start_IT)
    HAL_Delay                                0x0800222d   Thumb Code    32  stm32f1xx_hal.o(i.HAL_Delay)
    HAL_FLASH_Lock                           0x08002251   Thumb Code    14  stm32f1xx_hal_flash.o(i.HAL_FLASH_Lock)
    HAL_FLASH_Unlock                         0x08002265   Thumb Code    28  stm32f1xx_hal_flash.o(i.HAL_FLASH_Unlock)
    HAL_GPIO_DeInit                          0x0800228d   Thumb Code   228  stm32f1xx_hal_gpio.o(i.HAL_GPIO_DeInit)
    HAL_GPIO_EXTI_Callback                   0x08002389   Thumb Code     2  stm32f1xx_hal_gpio.o(i.HAL_GPIO_EXTI_Callback)
    HAL_GPIO_EXTI_IRQHandler                 0x0800238d   Thumb Code    54  stm32f1xx_hal_gpio.o(i.HAL_GPIO_EXTI_IRQHandler)
    HAL_GPIO_Init                            0x080023d1   Thumb Code   446  stm32f1xx_hal_gpio.o(i.HAL_GPIO_Init)
    HAL_GPIO_ReadPin                         0x080025b1   Thumb Code    10  stm32f1xx_hal_gpio.o(i.HAL_GPIO_ReadPin)
    HAL_GPIO_WritePin                        0x080025bb   Thumb Code    10  stm32f1xx_hal_gpio.o(i.HAL_GPIO_WritePin)
    HAL_GetTick                              0x080025c5   Thumb Code     6  stm32f1xx_hal.o(i.HAL_GetTick)
    HAL_I2C_DeInit                           0x080025d1   Thumb Code    50  stm32f1xx_hal_i2c.o(i.HAL_I2C_DeInit)
    HAL_I2C_Init                             0x08002605   Thumb Code   376  stm32f1xx_hal_i2c.o(i.HAL_I2C_Init)
    HAL_I2C_Master_Transmit                  0x0800278d   Thumb Code   330  stm32f1xx_hal_i2c.o(i.HAL_I2C_Master_Transmit)
    HAL_I2C_MspDeInit                        0x080028e5   Thumb Code    44  i2c.o(i.HAL_I2C_MspDeInit)
    HAL_I2C_MspInit                          0x0800291d   Thumb Code    80  i2c.o(i.HAL_I2C_MspInit)
    HAL_IncTick                              0x08002979   Thumb Code    12  stm32f1xx_hal.o(i.HAL_IncTick)
    HAL_Init                                 0x08002989   Thumb Code    32  stm32f1xx_hal.o(i.HAL_Init)
    HAL_InitTick                             0x080029ad   Thumb Code    54  stm32f1xx_hal.o(i.HAL_InitTick)
    HAL_MspInit                              0x080029ed   Thumb Code    52  stm32f1xx_hal_msp.o(i.HAL_MspInit)
    HAL_NVIC_EnableIRQ                       0x08002a29   Thumb Code    26  stm32f1xx_hal_cortex.o(i.HAL_NVIC_EnableIRQ)
    HAL_NVIC_SetPriority                     0x08002a45   Thumb Code    60  stm32f1xx_hal_cortex.o(i.HAL_NVIC_SetPriority)
    HAL_NVIC_SetPriorityGrouping             0x08002a85   Thumb Code    26  stm32f1xx_hal_cortex.o(i.HAL_NVIC_SetPriorityGrouping)
    HAL_PWR_EnableBkUpAccess                 0x08002aa9   Thumb Code     8  stm32f1xx_hal_pwr.o(i.HAL_PWR_EnableBkUpAccess)
    HAL_RCCEx_GetPeriphCLKFreq               0x08002ab5   Thumb Code   148  stm32f1xx_hal_rcc_ex.o(i.HAL_RCCEx_GetPeriphCLKFreq)
    HAL_RCCEx_PeriphCLKConfig                0x08002b59   Thumb Code   224  stm32f1xx_hal_rcc_ex.o(i.HAL_RCCEx_PeriphCLKConfig)
    HAL_RCC_ClockConfig                      0x08002c45   Thumb Code   280  stm32f1xx_hal_rcc.o(i.HAL_RCC_ClockConfig)
    HAL_RCC_GetPCLK1Freq                     0x08002d71   Thumb Code    20  stm32f1xx_hal_rcc.o(i.HAL_RCC_GetPCLK1Freq)
    HAL_RCC_GetPCLK2Freq                     0x08002d91   Thumb Code    20  stm32f1xx_hal_rcc.o(i.HAL_RCC_GetPCLK2Freq)
    HAL_RCC_GetSysClockFreq                  0x08002db1   Thumb Code    58  stm32f1xx_hal_rcc.o(i.HAL_RCC_GetSysClockFreq)
    HAL_RCC_OscConfig                        0x08002dfd   Thumb Code   778  stm32f1xx_hal_rcc.o(i.HAL_RCC_OscConfig)
    HAL_RTC_GetDate                          0x0800311d   Thumb Code   148  stm32f1xx_hal_rtc.o(i.HAL_RTC_GetDate)
    HAL_RTC_GetTime                          0x080031bd   Thumb Code   100  stm32f1xx_hal_rtc.o(i.HAL_RTC_GetTime)
    HAL_RTC_Init                             0x08003221   Thumb Code   154  stm32f1xx_hal_rtc.o(i.HAL_RTC_Init)
    HAL_RTC_MspInit                          0x080032c1   Thumb Code    40  rtc.o(i.HAL_RTC_MspInit)
    HAL_RTC_SetDate                          0x080032f5   Thumb Code   254  stm32f1xx_hal_rtc.o(i.HAL_RTC_SetDate)
    HAL_RTC_SetTime                          0x0800340d   Thumb Code   152  stm32f1xx_hal_rtc.o(i.HAL_RTC_SetTime)
    HAL_RTC_WaitForSynchro                   0x080034a9   Thumb Code    58  stm32f1xx_hal_rtc.o(i.HAL_RTC_WaitForSynchro)
    HAL_SYSTICK_Config                       0x080034e3   Thumb Code    40  stm32f1xx_hal_cortex.o(i.HAL_SYSTICK_Config)
    HAL_TIMEx_BreakCallback                  0x0800350b   Thumb Code     2  stm32f1xx_hal_tim_ex.o(i.HAL_TIMEx_BreakCallback)
    HAL_TIMEx_CommutCallback                 0x0800350d   Thumb Code     2  stm32f1xx_hal_tim_ex.o(i.HAL_TIMEx_CommutCallback)
    HAL_TIMEx_MasterConfigSynchronization    0x08003511   Thumb Code    92  stm32f1xx_hal_tim_ex.o(i.HAL_TIMEx_MasterConfigSynchronization)
    HAL_TIM_Base_Init                        0x08003579   Thumb Code    90  stm32f1xx_hal_tim.o(i.HAL_TIM_Base_Init)
    HAL_TIM_Base_MspInit                     0x080035d5   Thumb Code   122  tim.o(i.HAL_TIM_Base_MspInit)
    HAL_TIM_Base_Start_IT                    0x0800365d   Thumb Code    76  stm32f1xx_hal_tim.o(i.HAL_TIM_Base_Start_IT)
    HAL_TIM_Base_Stop                        0x080036b5   Thumb Code    38  stm32f1xx_hal_tim.o(i.HAL_TIM_Base_Stop)
    HAL_TIM_ConfigClockSource                0x080036db   Thumb Code   220  stm32f1xx_hal_tim.o(i.HAL_TIM_ConfigClockSource)
    HAL_TIM_IC_CaptureCallback               0x080037b7   Thumb Code     2  stm32f1xx_hal_tim.o(i.HAL_TIM_IC_CaptureCallback)
    HAL_TIM_IRQHandler                       0x080037b9   Thumb Code   358  stm32f1xx_hal_tim.o(i.HAL_TIM_IRQHandler)
    HAL_TIM_OC_DelayElapsedCallback          0x0800391f   Thumb Code     2  stm32f1xx_hal_tim.o(i.HAL_TIM_OC_DelayElapsedCallback)
    HAL_TIM_PWM_PulseFinishedCallback        0x08003921   Thumb Code     2  stm32f1xx_hal_tim.o(i.HAL_TIM_PWM_PulseFinishedCallback)
    HAL_TIM_PeriodElapsedCallback            0x08003925   Thumb Code   720  tim.o(i.HAL_TIM_PeriodElapsedCallback)
    HAL_TIM_TriggerCallback                  0x08003c5d   Thumb Code     2  stm32f1xx_hal_tim.o(i.HAL_TIM_TriggerCallback)
    HAL_UARTEx_ReceiveToIdle_DMA             0x08003c5f   Thumb Code    78  stm32f1xx_hal_uart.o(i.HAL_UARTEx_ReceiveToIdle_DMA)
    HAL_UARTEx_RxEventCallback               0x08003cad   Thumb Code   408  usart.o(i.HAL_UARTEx_RxEventCallback)
    HAL_UART_ErrorCallback                   0x08003e5d   Thumb Code     2  stm32f1xx_hal_uart.o(i.HAL_UART_ErrorCallback)
    HAL_UART_IRQHandler                      0x08003e61   Thumb Code   618  stm32f1xx_hal_uart.o(i.HAL_UART_IRQHandler)
    HAL_UART_Init                            0x080040dd   Thumb Code   100  stm32f1xx_hal_uart.o(i.HAL_UART_Init)
    HAL_UART_MspInit                         0x08004141   Thumb Code   154  usart.o(i.HAL_UART_MspInit)
    HAL_UART_RxCpltCallback                  0x080041f1   Thumb Code     2  stm32f1xx_hal_uart.o(i.HAL_UART_RxCpltCallback)
    HAL_UART_RxHalfCpltCallback              0x080041f3   Thumb Code     2  stm32f1xx_hal_uart.o(i.HAL_UART_RxHalfCpltCallback)
    HAL_UART_TxCpltCallback                  0x080041f5   Thumb Code     2  stm32f1xx_hal_uart.o(i.HAL_UART_TxCpltCallback)
    HardFault_Handler                        0x080041f7   Thumb Code     2  stm32f1xx_it.o(i.HardFault_Handler)
    LCD_BlinkOn                              0x08004561   Thumb Code     6  lcd_4bit.o(i.LCD_BlinkOn)
    LCD_Blinkoff                             0x08004567   Thumb Code     6  lcd_4bit.o(i.LCD_Blinkoff)
    LED_TEST                                 0x0800456d   Thumb Code   454  page3.o(i.LED_TEST)
    MEASURMENT                               0x08004751   Thumb Code    58  main.o(i.MEASURMENT)
    MODE                                     0x08004799   Thumb Code   364  page2.o(i.MODE)
    MX_ADC1_Init                             0x08004941   Thumb Code    68  adc.o(i.MX_ADC1_Init)
    MX_ADC2_Init                             0x0800498d   Thumb Code    70  adc.o(i.MX_ADC2_Init)
    MX_DMA_Init                              0x080049dd   Thumb Code    40  dma.o(i.MX_DMA_Init)
    MX_GPIO_Init                             0x08004a09   Thumb Code   232  gpio.o(i.MX_GPIO_Init)
    MX_I2C1_Init                             0x08004b01   Thumb Code    50  i2c.o(i.MX_I2C1_Init)
    MX_RTC_Init                              0x08004b41   Thumb Code    34  rtc.o(i.MX_RTC_Init)
    MX_TIM2_Init                             0x08004b6d   Thumb Code   100  tim.o(i.MX_TIM2_Init)
    MX_TIM3_Init                             0x08004bd5   Thumb Code   100  tim.o(i.MX_TIM3_Init)
    MX_TIM4_Init                             0x08004c45   Thumb Code    98  tim.o(i.MX_TIM4_Init)
    MX_USART1_UART_Init                      0x08004cb5   Thumb Code    48  usart.o(i.MX_USART1_UART_Init)
    MemManage_Handler                        0x08004ced   Thumb Code     2  stm32f1xx_it.o(i.MemManage_Handler)
    NMI_Handler                              0x08004cef   Thumb Code     2  stm32f1xx_it.o(i.NMI_Handler)
    PendSV_Handler                           0x08004cf1   Thumb Code     2  stm32f1xx_it.o(i.PendSV_Handler)
    SVC_Handler                              0x08004e0d   Thumb Code     2  stm32f1xx_it.o(i.SVC_Handler)
    SysTick_Handler                          0x08004e0f   Thumb Code     4  stm32f1xx_it.o(i.SysTick_Handler)
    SystemClock_Config                       0x08004e13   Thumb Code   134  main.o(i.SystemClock_Config)
    SystemInit                               0x08004e99   Thumb Code     2  system_stm32f1xx.o(i.SystemInit)
    TIM2_IRQHandler                          0x08004e9d   Thumb Code     6  stm32f1xx_it.o(i.TIM2_IRQHandler)
    TIM3_IRQHandler                          0x08004ea9   Thumb Code     6  stm32f1xx_it.o(i.TIM3_IRQHandler)
    TIM4_IRQHandler                          0x08004eb5   Thumb Code     6  stm32f1xx_it.o(i.TIM4_IRQHandler)
    TIM_Base_SetConfig                       0x08004ec1   Thumb Code    94  stm32f1xx_hal_tim.o(i.TIM_Base_SetConfig)
    TIM_ETR_SetConfig                        0x08004f2d   Thumb Code    20  stm32f1xx_hal_tim.o(i.TIM_ETR_SetConfig)
    UART_Start_Receive_DMA                   0x08005279   Thumb Code   130  stm32f1xx_hal_uart.o(i.UART_Start_Receive_DMA)
    USART1_IRQHandler                        0x08005309   Thumb Code     6  stm32f1xx_it.o(i.USART1_IRQHandler)
    UsageFault_Handler                       0x08005315   Thumb Code     2  stm32f1xx_it.o(i.UsageFault_Handler)
    VOLTAGE_SOURCES                          0x08005319   Thumb Code   106  page2.o(i.VOLTAGE_SOURCES)
    VOLTAGE_STATUS                           0x080053c1   Thumb Code   166  page2.o(i.VOLTAGE_STATUS)
    __ARM_fpclassify                         0x080054ad   Thumb Code    40  fpclassify.o(i.__ARM_fpclassify)
    _is_digit                                0x080054f5   Thumb Code    14  __printf_wp.o(i._is_digit)
    check_for_leap_year                      0x08005503   Thumb Code    38  stm32f1xx_hal_rtc.o(i.check_for_leap_year)
    conection                                0x08005529   Thumb Code   176  page2.o(i.conection)
    decrease                                 0x08005651   Thumb Code   330  menu.o(i.decrease)
    event_list                               0x080057b1   Thumb Code   564  event_save.o(i.event_list)
    event_save                               0x08005a45   Thumb Code   284  event_save.o(i.event_save)
    first_buzzer                             0x08005b99   Thumb Code    66  main.o(i.first_buzzer)
    increase                                 0x08005bed   Thumb Code   334  menu.o(i.increase)
    lcd_clear                                0x08005d51   Thumb Code    18  lcd_4bit.o(i.lcd_clear)
    lcd_init                                 0x08005d63   Thumb Code    92  lcd_4bit.o(i.lcd_init)
    lcd_send_cmd                             0x08005dbf   Thumb Code    44  lcd_4bit.o(i.lcd_send_cmd)
    lcd_send_data                            0x08005deb   Thumb Code    28  lcd_4bit.o(i.lcd_send_data)
    lcd_set_cursor                           0x08005e09   Thumb Code    52  lcd_4bit.o(i.lcd_set_cursor)
    lcd_write_nibble                         0x08005e41   Thumb Code    74  lcd_4bit.o(i.lcd_write_nibble)
    lcd_write_string                         0x08005e95   Thumb Code    20  lcd_4bit.o(i.lcd_write_string)
    lk                                       0x08005ea9   Thumb Code    74  main.o(i.lk)
    main                                     0x08005efd   Thumb Code   732  main.o(i.main)
    manual                                   0x08006265   Thumb Code    50  main.o(i.manual)
    page1_list                               0x080062ad   Thumb Code    80  menu.o(i.page1_list)
    page1_menu                               0x08006341   Thumb Code   386  menu.o(i.page1_menu)
    page2_list                               0x080064fd   Thumb Code   128  page2.o(i.page2_list)
    page2_menu                               0x080065d9   Thumb Code   340  page2.o(i.page2_menu)
    page3_list                               0x08006761   Thumb Code    88  page3.o(i.page3_list)
    page3_menu                               0x08006801   Thumb Code   340  page3.o(i.page3_menu)
    save                                     0x08006975   Thumb Code   146  menu.o(i.save)
    save_dis_watchtimer                      0x08006a2d   Thumb Code    34  menu.o(i.save_dis_watchtimer)
    scroll                                   0x08006a69   Thumb Code   162  event_save.o(i.scroll)
    second_buzzer                            0x08006b59   Thumb Code    66  main.o(i.second_buzzer)
    set_time_date                            0x08006ba9   Thumb Code   316  menu.o(i.set_time_date)
    set_time_watch                           0x08006d25   Thumb Code   396  menu.o(i.set_time_watch)
    time_dis                                 0x08006f25   Thumb Code    90  menu.o(i.time_dis)
    _get_lc_numeric                          0x08006fb5   Thumb Code    44  lc_numeric_c.o(locale$$code)
    __fpl_dretinf                            0x08006fe1   Thumb Code    12  dretinf.o(x$fpl$dretinf)
    __aeabi_f2d                              0x08006fed   Thumb Code     0  f2d.o(x$fpl$f2d)
    _f2d                                     0x08006fed   Thumb Code    86  f2d.o(x$fpl$f2d)
    __aeabi_fdiv                             0x08007045   Thumb Code     0  fdiv.o(x$fpl$fdiv)
    _fdiv                                    0x08007045   Thumb Code   384  fdiv.o(x$fpl$fdiv)
    __aeabi_ui2f                             0x080071c9   Thumb Code     0  fflt_clz.o(x$fpl$ffltu)
    _ffltu                                   0x080071c9   Thumb Code    38  fflt_clz.o(x$fpl$ffltu)
    __aeabi_fmul                             0x080071f1   Thumb Code     0  fmul.o(x$fpl$fmul)
    _fmul                                    0x080071f1   Thumb Code   258  fmul.o(x$fpl$fmul)
    __fpl_fnaninf                            0x080072f3   Thumb Code   140  fnaninf.o(x$fpl$fnaninf)
    __fpl_fretinf                            0x0800737f   Thumb Code    10  fretinf.o(x$fpl$fretinf)
    _printf_fp_dec                           0x08007389   Thumb Code     4  printf1.o(x$fpl$printf1)
    __I$use$fp                               0x0800738c   Number         0  usenofp.o(x$fpl$usenofp)
    month_table                              0x080073b0   Data          12  stm32f1xx_hal_rtc.o(.constdata)
    AHBPrescTable                            0x080073bc   Data          16  system_stm32f1xx.o(.constdata)
    APBPrescTable                            0x080073cc   Data           8  system_stm32f1xx.o(.constdata)
    Region$$Table$$Base                      0x080074a4   Number         0  anon$$obj.o(Region$$Table)
    Region$$Table$$Limit                     0x080074c4   Number         0  anon$$obj.o(Region$$Table)
    WARN                                     0x20000000   Data           1  main.o(.data)
    WARN1                                    0x20000001   Data           1  main.o(.data)
    WARN2                                    0x20000002   Data           1  main.o(.data)
    WARN3                                    0x20000003   Data           1  main.o(.data)
    pervious_second                          0x20000004   Data           1  main.o(.data)
    REP1                                     0x20000005   Data           1  main.o(.data)
    minu                                     0x20000006   Data           1  main.o(.data)
    sec                                      0x20000007   Data           1  main.o(.data)
    mj2                                      0x20000008   Data           1  main.o(.data)
    current_time22                           0x20000009   Data           3  main.o(.data)
    AD_AC                                    0x2000000c   Data           4  main.o(.data)
    AD_DC                                    0x20000010   Data           4  main.o(.data)
    silent                                   0x20000014   Data           4  main.o(.data)
    DateToUpdate1                            0x20000018   Data           4  main.o(.data)
    lev                                      0x2000001c   Data           4  main.o(.data)
    REP                                      0x20000020   Data           1  main.o(.data)
    hg                                       0x20000021   Data           1  main.o(.data)
    JU                                       0x20000022   Data           1  main.o(.data)
    p                                        0x20000024   Data           1  tim.o(.data)
    p1                                       0x20000025   Data           1  tim.o(.data)
    yg                                       0x20000026   Data           1  tim.o(.data)
    h                                        0x20000027   Data           1  tim.o(.data)
    STAR                                     0x20000028   Data           1  tim.o(.data)
    CONT                                     0x20000029   Data           1  tim.o(.data)
    KEY2                                     0x2000002a   Data           2  tim.o(.data)
    dtc2                                     0x2000002c   Data           2  tim.o(.data)
    lev1                                     0x20000030   Data           4  tim.o(.data)
    silent1                                  0x20000034   Data           4  tim.o(.data)
    temp1                                    0x20000038   Data           1  usart.o(.data)
    temp2                                    0x20000039   Data           1  usart.o(.data)
    temp3                                    0x2000003a   Data           1  usart.o(.data)
    moh1                                     0x2000003b   Data           1  usart.o(.data)
    moh2                                     0x2000003c   Data           1  usart.o(.data)
    moh3                                     0x2000003d   Data           1  usart.o(.data)
    dg                                       0x2000003e   Data           1  usart.o(.data)
    out_al                                   0x2000003f   Data           1  usart.o(.data)
    TX_Buffer7                               0x20000040   Data           1  usart.o(.data)
    dtc                                      0x20000041   Data           1  usart.o(.data)
    courser1                                 0x20000044   Data           1  event_save.o(.data)
    u                                        0x20000045   Data           1  event_save.o(.data)
    arr                                      0x20000046   Data           3  event_save.o(.data)
    test                                     0x2000004c   Data           4  event_save.o(.data)
    val                                      0x20000050   Data           4  event_save.o(.data)
    TIMO                                     0x20000054   Data           1  page3.o(.data)
    led_buf                                  0x20000055   Data           1  page3.o(.data)
    courser3                                 0x20000056   Data           1  page3.o(.data)
    LED_STATUS                               0x20000057   Data           1  page3.o(.data)
    sw                                       0x20000058   Data           4  page3.o(.data)
    courser2                                 0x2000005c   Data           1  page2.o(.data)
    TUI                                      0x2000005d   Data           1  page2.o(.data)
    status_watch_timer                       0x2000005e   Data           1  page2.o(.data)
    CR                                       0x2000005f   Data           1  page2.o(.data)
    backlight_state                          0x20000060   Data           1  lcd_4bit.o(.data)
    courser                                  0x20000062   Data           1  menu.o(.data)
    mj                                       0x20000063   Data           1  menu.o(.data)
    axis                                     0x20000064   Data           2  menu.o(.data)
    sTime                                    0x20000066   Data           3  menu.o(.data)
    current_time                             0x20000069   Data           3  menu.o(.data)
    current_date                             0x2000006c   Data           4  menu.o(.data)
    POSITION_VAL                             0x20000070   Data           6  menu.o(.data)
    uwTickFreq                               0x20000078   Data           1  stm32f1xx_hal.o(.data)
    uwTickPrio                               0x2000007c   Data           4  stm32f1xx_hal.o(.data)
    uwTick                                   0x20000080   Data           4  stm32f1xx_hal.o(.data)
    gpi                                      0x20000084   Data           2  stm32f1xx_hal_gpio.o(.data)
    b                                        0x20000088   Data           4  stm32f1xx_hal_gpio.o(.data)
    GT                                       0x2000008c   Data           4  stm32f1xx_hal_gpio.o(.data)
    rese                                     0x20000090   Data           4  stm32f1xx_hal_gpio.o(.data)
    KEY                                      0x20000094   Data           2  stm32f1xx_hal_gpio.o(.data)
    po                                       0x20000098   Data           4  stm32f1xx_hal_i2c.o(.data)
    sige                                     0x2000009c   Data           4  stm32f1xx_hal_i2c.o(.data)
    moh                                      0x200000a0   Data           4  stm32f1xx_hal_i2c.o(.data)
    SystemCoreClock                          0x200000a8   Data           4  system_stm32f1xx.o(.data)
    huart1                                   0x200000ac   Data          72  main.o(.bss)
    time                                     0x200000f4   Data          20  main.o(.bss)
    htim3                                    0x20000108   Data          72  main.o(.bss)
    htim2                                    0x20000150   Data          72  main.o(.bss)
    htim4                                    0x20000198   Data          72  main.o(.bss)
    hadc1                                    0x200001e0   Data          48  adc.o(.bss)
    hadc2                                    0x20000210   Data          48  adc.o(.bss)
    hi2c1                                    0x20000240   Data          84  i2c.o(.bss)
    hrtc                                     0x20000294   Data          20  rtc.o(.bss)
    hdma_usart1_rx                           0x200002a8   Data          68  usart.o(.bss)
    RxBuf1                                   0x200002ec   Data         100  usart.o(.bss)
    sa                                       0x20000350   Data         362  event_save.o(.bss)
    ti                                       0x200004ba   Data          16  event_save.o(.bss)
    im                                       0x200004ca   Data          12  event_save.o(.bss)
    voldc                                    0x200004d6   Data          20  page2.o(.bss)
    volac                                    0x200004ea   Data          20  page2.o(.bss)
    pFlash                                   0x20000500   Data          32  stm32f1xx_hal_flash.o(.bss)
    __libspace_start                         0x20000520   Data          96  libspace.o(.bss)
    __temporary_stack_top$libspace           0x20000580   Data           0  libspace.o(.bss)



==============================================================================

Memory Map of the image

  Image Entry point : 0x080000ed

  Load Region LR_IROM1 (Base: 0x08000000, Size: 0x0000758c, Max: 0x00010000, ABSOLUTE)

    Execution Region ER_IROM1 (Base: 0x08000000, Size: 0x000074e0, Max: 0x00010000, ABSOLUTE)

    Base Addr    Size         Type   Attr      Idx    E Section Name        Object

    0x08000000   0x000000ec   Data   RO            3    RESET               startup_stm32f103xb.o
    0x080000ec   0x00000008   Code   RO         4571  * !!!main             c_w.l(__main.o)
    0x080000f4   0x00000034   Code   RO         4807    !!!scatter          c_w.l(__scatter.o)
    0x08000128   0x0000001a   Code   RO         4809    !!handler_copy      c_w.l(__scatter_copy.o)
    0x08000142   0x00000002   PAD
    0x08000144   0x0000001c   Code   RO         4811    !!handler_zi        c_w.l(__scatter_zi.o)
    0x08000160   0x00000000   Code   RO         4566    .ARM.Collect$$_printf_percent$$00000000  c_w.l(_printf_percent.o)
    0x08000160   0x00000006   Code   RO         4565    .ARM.Collect$$_printf_percent$$00000003  c_w.l(_printf_f.o)
    0x08000166   0x00000006   Code   RO         4564    .ARM.Collect$$_printf_percent$$00000009  c_w.l(_printf_d.o)
    0x0800016c   0x00000006   Code   RO         4563    .ARM.Collect$$_printf_percent$$0000000C  c_w.l(_printf_x.o)
    0x08000172   0x00000006   Code   RO         4562    .ARM.Collect$$_printf_percent$$00000013  c_w.l(_printf_c.o)
    0x08000178   0x00000004   Code   RO         4600    .ARM.Collect$$_printf_percent$$00000017  c_w.l(_printf_percent_end.o)
    0x0800017c   0x00000002   Code   RO         4680    .ARM.Collect$$libinit$$00000000  c_w.l(libinit.o)
    0x0800017e   0x00000000   Code   RO         4682    .ARM.Collect$$libinit$$00000002  c_w.l(libinit2.o)
    0x0800017e   0x00000000   Code   RO         4684    .ARM.Collect$$libinit$$00000004  c_w.l(libinit2.o)
    0x0800017e   0x00000000   Code   RO         4687    .ARM.Collect$$libinit$$0000000A  c_w.l(libinit2.o)
    0x0800017e   0x00000000   Code   RO         4689    .ARM.Collect$$libinit$$0000000C  c_w.l(libinit2.o)
    0x0800017e   0x00000000   Code   RO         4691    .ARM.Collect$$libinit$$0000000E  c_w.l(libinit2.o)
    0x0800017e   0x00000006   Code   RO         4692    .ARM.Collect$$libinit$$0000000F  c_w.l(libinit2.o)
    0x08000184   0x00000000   Code   RO         4694    .ARM.Collect$$libinit$$00000011  c_w.l(libinit2.o)
    0x08000184   0x00000000   Code   RO         4696    .ARM.Collect$$libinit$$00000013  c_w.l(libinit2.o)
    0x08000184   0x00000000   Code   RO         4698    .ARM.Collect$$libinit$$00000015  c_w.l(libinit2.o)
    0x08000184   0x0000000a   Code   RO         4699    .ARM.Collect$$libinit$$00000016  c_w.l(libinit2.o)
    0x0800018e   0x00000000   Code   RO         4700    .ARM.Collect$$libinit$$00000017  c_w.l(libinit2.o)
    0x0800018e   0x00000000   Code   RO         4702    .ARM.Collect$$libinit$$00000019  c_w.l(libinit2.o)
    0x0800018e   0x00000000   Code   RO         4704    .ARM.Collect$$libinit$$0000001B  c_w.l(libinit2.o)
    0x0800018e   0x00000000   Code   RO         4706    .ARM.Collect$$libinit$$0000001D  c_w.l(libinit2.o)
    0x0800018e   0x00000000   Code   RO         4708    .ARM.Collect$$libinit$$0000001F  c_w.l(libinit2.o)
    0x0800018e   0x00000000   Code   RO         4710    .ARM.Collect$$libinit$$00000021  c_w.l(libinit2.o)
    0x0800018e   0x00000000   Code   RO         4712    .ARM.Collect$$libinit$$00000023  c_w.l(libinit2.o)
    0x0800018e   0x00000000   Code   RO         4714    .ARM.Collect$$libinit$$00000025  c_w.l(libinit2.o)
    0x0800018e   0x00000000   Code   RO         4718    .ARM.Collect$$libinit$$0000002C  c_w.l(libinit2.o)
    0x0800018e   0x00000000   Code   RO         4720    .ARM.Collect$$libinit$$0000002E  c_w.l(libinit2.o)
    0x0800018e   0x00000000   Code   RO         4722    .ARM.Collect$$libinit$$00000030  c_w.l(libinit2.o)
    0x0800018e   0x00000000   Code   RO         4724    .ARM.Collect$$libinit$$00000032  c_w.l(libinit2.o)
    0x0800018e   0x00000002   Code   RO         4725    .ARM.Collect$$libinit$$00000033  c_w.l(libinit2.o)
    0x08000190   0x00000002   Code   RO         4755    .ARM.Collect$$libshutdown$$00000000  c_w.l(libshutdown.o)
    0x08000192   0x00000000   Code   RO         4766    .ARM.Collect$$libshutdown$$00000002  c_w.l(libshutdown2.o)
    0x08000192   0x00000000   Code   RO         4768    .ARM.Collect$$libshutdown$$00000004  c_w.l(libshutdown2.o)
    0x08000192   0x00000000   Code   RO         4771    .ARM.Collect$$libshutdown$$00000007  c_w.l(libshutdown2.o)
    0x08000192   0x00000000   Code   RO         4774    .ARM.Collect$$libshutdown$$0000000A  c_w.l(libshutdown2.o)
    0x08000192   0x00000000   Code   RO         4776    .ARM.Collect$$libshutdown$$0000000C  c_w.l(libshutdown2.o)
    0x08000192   0x00000000   Code   RO         4779    .ARM.Collect$$libshutdown$$0000000F  c_w.l(libshutdown2.o)
    0x08000192   0x00000002   Code   RO         4780    .ARM.Collect$$libshutdown$$00000010  c_w.l(libshutdown2.o)
    0x08000194   0x00000000   Code   RO         4589    .ARM.Collect$$rtentry$$00000000  c_w.l(__rtentry.o)
    0x08000194   0x00000000   Code   RO         4609    .ARM.Collect$$rtentry$$00000002  c_w.l(__rtentry2.o)
    0x08000194   0x00000006   Code   RO         4621    .ARM.Collect$$rtentry$$00000004  c_w.l(__rtentry4.o)
    0x0800019a   0x00000000   Code   RO         4611    .ARM.Collect$$rtentry$$00000009  c_w.l(__rtentry2.o)
    0x0800019a   0x00000004   Code   RO         4612    .ARM.Collect$$rtentry$$0000000A  c_w.l(__rtentry2.o)
    0x0800019e   0x00000000   Code   RO         4614    .ARM.Collect$$rtentry$$0000000C  c_w.l(__rtentry2.o)
    0x0800019e   0x00000008   Code   RO         4615    .ARM.Collect$$rtentry$$0000000D  c_w.l(__rtentry2.o)
    0x080001a6   0x00000002   Code   RO         4726    .ARM.Collect$$rtexit$$00000000  c_w.l(rtexit.o)
    0x080001a8   0x00000000   Code   RO         4733    .ARM.Collect$$rtexit$$00000002  c_w.l(rtexit2.o)
    0x080001a8   0x00000004   Code   RO         4734    .ARM.Collect$$rtexit$$00000003  c_w.l(rtexit2.o)
    0x080001ac   0x00000006   Code   RO         4735    .ARM.Collect$$rtexit$$00000004  c_w.l(rtexit2.o)
    0x080001b2   0x00000002   PAD
    0x080001b4   0x00000040   Code   RO            4    .text               startup_stm32f103xb.o
    0x080001f4   0x00000028   Code   RO         4511    .text               c_w.l(noretval__2sprintf.o)
    0x0800021c   0x0000004e   Code   RO         4515    .text               c_w.l(_printf_pad.o)
    0x0800026a   0x00000052   Code   RO         4517    .text               c_w.l(_printf_str.o)
    0x080002bc   0x00000078   Code   RO         4519    .text               c_w.l(_printf_dec.o)
    0x08000334   0x00000058   Code   RO         4524    .text               c_w.l(_printf_hex_int.o)
    0x0800038c   0x00000138   Code   RO         4554    .text               c_w.l(__printf_flags_wp.o)
    0x080004c4   0x0000004e   Code   RO         4567    .text               c_w.l(rt_memclr_w.o)
    0x08000512   0x00000006   Code   RO         4569    .text               c_w.l(heapauxi.o)
    0x08000518   0x000000b2   Code   RO         4590    .text               c_w.l(_printf_intcommon.o)
    0x080005ca   0x0000041a   Code   RO         4592    .text               c_w.l(_printf_fp_dec.o)
    0x080009e4   0x00000030   Code   RO         4594    .text               c_w.l(_printf_char_common.o)
    0x08000a14   0x0000000a   Code   RO         4596    .text               c_w.l(_sputc.o)
    0x08000a1e   0x0000002c   Code   RO         4598    .text               c_w.l(_printf_char.o)
    0x08000a4a   0x00000002   PAD
    0x08000a4c   0x00000008   Code   RO         4626    .text               c_w.l(rt_locale_intlibspace.o)
    0x08000a54   0x0000008a   Code   RO         4628    .text               c_w.l(lludiv10.o)
    0x08000ade   0x00000002   PAD
    0x08000ae0   0x00000080   Code   RO         4630    .text               c_w.l(_printf_fp_infnan.o)
    0x08000b60   0x000000dc   Code   RO         4634    .text               c_w.l(bigflt0.o)
    0x08000c3c   0x00000008   Code   RO         4666    .text               c_w.l(libspace.o)
    0x08000c44   0x0000004a   Code   RO         4669    .text               c_w.l(sys_stackheap_outer.o)
    0x08000c8e   0x00000012   Code   RO         4671    .text               c_w.l(exit.o)
    0x08000ca0   0x00000080   Code   RO         4673    .text               c_w.l(strcmpv7m.o)
    0x08000d20   0x0000000c   Code   RO         4745    .text               c_w.l(sys_exit.o)
    0x08000d2c   0x00000002   Code   RO         4756    .text               c_w.l(use_no_semi.o)
    0x08000d2e   0x00000000   Code   RO         4758    .text               c_w.l(indicate_semi.o)
    0x08000d2e   0x0000003e   Code   RO         4637    CL$$btod_d2e        c_w.l(btod.o)
    0x08000d6c   0x00000046   Code   RO         4639    CL$$btod_d2e_denorm_low  c_w.l(btod.o)
    0x08000db2   0x00000060   Code   RO         4638    CL$$btod_d2e_norm_op1  c_w.l(btod.o)
    0x08000e12   0x00000338   Code   RO         4647    CL$$btod_div_common  c_w.l(btod.o)
    0x0800114a   0x000000c6   Code   RO         4644    CL$$btod_e2e        c_w.l(btod.o)
    0x08001210   0x00000028   Code   RO         4641    CL$$btod_ediv       c_w.l(btod.o)
    0x08001238   0x00000028   Code   RO         4640    CL$$btod_emul       c_w.l(btod.o)
    0x08001260   0x00000244   Code   RO         4646    CL$$btod_mult_common  c_w.l(btod.o)
    0x080014a4   0x0000008c   Code   RO         1007    i.ABOUT             menu.o
    0x08001530   0x00000080   Code   RO           13    i.ADC_CHECK         main.o
    0x080015b0   0x00000056   Code   RO         1126    i.ADC_ConversionStop_Disable  stm32f1xx_hal_adc.o
    0x08001606   0x00000002   PAD
    0x08001608   0x0000007c   Code   RO         1130    i.ADC_Enable        stm32f1xx_hal_adc.o
    0x08001684   0x00000110   Code   RO          633    i.ALARAM_EXTERNAL_TEST  page3.o
    0x08001794   0x000000b8   Code   RO          634    i.ALARAM_FAULT      page3.o
    0x0800184c   0x000000e8   Code   RO          635    i.ALARAM_INTERNAL_TEST  page3.o
    0x08001934   0x00000048   Code   RO           14    i.AUTOPILOT         main.o
    0x0800197c   0x00000002   Code   RO          847    i.BusFault_Handler  stm32f1xx_it.o
    0x0800197e   0x00000002   PAD
    0x08001980   0x0000003c   Code   RO          699    i.CHECK             page2.o
    0x080019bc   0x0000000c   Code   RO          848    i.DMA1_Channel5_IRQHandler  stm32f1xx_it.o
    0x080019c8   0x0000002a   Code   RO         1787    i.DMA_SetConfig     stm32f1xx_hal_dma.o
    0x080019f2   0x00000002   Code   RO          849    i.DebugMon_Handler  stm32f1xx_it.o
    0x080019f4   0x00000006   Code   RO          850    i.EXTI0_IRQHandler  stm32f1xx_it.o
    0x080019fa   0x0000001e   Code   RO          851    i.EXTI15_10_IRQHandler  stm32f1xx_it.o
    0x08001a18   0x00000006   Code   RO          852    i.EXTI3_IRQHandler  stm32f1xx_it.o
    0x08001a1e   0x00000006   Code   RO          853    i.EXTI4_IRQHandler  stm32f1xx_it.o
    0x08001a24   0x00000020   Code   RO          854    i.EXTI9_5_IRQHandler  stm32f1xx_it.o
    0x08001a44   0x00000004   Code   RO           15    i.Error_Handler     main.o
    0x08001a48   0x00000024   Code   RO         2233    i.FLASH_PageErase   stm32f1xx_hal_flash_ex.o
    0x08001a6c   0x0000001c   Code   RO         2124    i.FLASH_Program_HalfWord  stm32f1xx_hal_flash.o
    0x08001a88   0x000000fc   Code   RO         1132    i.HAL_ADC_ConfigChannel  stm32f1xx_hal_adc.o
    0x08001b84   0x00000006   Code   RO         1139    i.HAL_ADC_GetValue  stm32f1xx_hal_adc.o
    0x08001b8a   0x00000002   PAD
    0x08001b8c   0x0000011c   Code   RO         1141    i.HAL_ADC_Init      stm32f1xx_hal_adc.o
    0x08001ca8   0x00000088   Code   RO          283    i.HAL_ADC_MspInit   adc.o
    0x08001d30   0x0000013c   Code   RO         1145    i.HAL_ADC_PollForConversion  stm32f1xx_hal_adc.o
    0x08001e6c   0x000000c0   Code   RO         1147    i.HAL_ADC_Start     stm32f1xx_hal_adc.o
    0x08001f2c   0x00000046   Code   RO         1788    i.HAL_DMA_Abort     stm32f1xx_hal_dma.o
    0x08001f72   0x00000002   PAD
    0x08001f74   0x00000098   Code   RO         1789    i.HAL_DMA_Abort_IT  stm32f1xx_hal_dma.o
    0x0800200c   0x00000154   Code   RO         1793    i.HAL_DMA_IRQHandler  stm32f1xx_hal_dma.o
    0x08002160   0x0000005c   Code   RO         1794    i.HAL_DMA_Init      stm32f1xx_hal_dma.o
    0x080021bc   0x00000070   Code   RO         1798    i.HAL_DMA_Start_IT  stm32f1xx_hal_dma.o
    0x0800222c   0x00000024   Code   RO         1409    i.HAL_Delay         stm32f1xx_hal.o
    0x08002250   0x00000014   Code   RO         2130    i.HAL_FLASH_Lock    stm32f1xx_hal_flash.o
    0x08002264   0x00000028   Code   RO         2137    i.HAL_FLASH_Unlock  stm32f1xx_hal_flash.o
    0x0800228c   0x000000fc   Code   RO         1716    i.HAL_GPIO_DeInit   stm32f1xx_hal_gpio.o
    0x08002388   0x00000002   Code   RO         1717    i.HAL_GPIO_EXTI_Callback  stm32f1xx_hal_gpio.o
    0x0800238a   0x00000002   PAD
    0x0800238c   0x00000044   Code   RO         1718    i.HAL_GPIO_EXTI_IRQHandler  stm32f1xx_hal_gpio.o
    0x080023d0   0x000001e0   Code   RO         1719    i.HAL_GPIO_Init     stm32f1xx_hal_gpio.o
    0x080025b0   0x0000000a   Code   RO         1721    i.HAL_GPIO_ReadPin  stm32f1xx_hal_gpio.o
    0x080025ba   0x0000000a   Code   RO         1723    i.HAL_GPIO_WritePin  stm32f1xx_hal_gpio.o
    0x080025c4   0x0000000c   Code   RO         1413    i.HAL_GetTick       stm32f1xx_hal.o
    0x080025d0   0x00000032   Code   RO         2387    i.HAL_I2C_DeInit    stm32f1xx_hal_i2c.o
    0x08002602   0x00000002   PAD
    0x08002604   0x00000188   Code   RO         2396    i.HAL_I2C_Init      stm32f1xx_hal_i2c.o
    0x0800278c   0x00000158   Code   RO         2409    i.HAL_I2C_Master_Transmit  stm32f1xx_hal_i2c.o
    0x080028e4   0x00000038   Code   RO          354    i.HAL_I2C_MspDeInit  i2c.o
    0x0800291c   0x0000005c   Code   RO          355    i.HAL_I2C_MspInit   i2c.o
    0x08002978   0x00000010   Code   RO         1419    i.HAL_IncTick       stm32f1xx_hal.o
    0x08002988   0x00000024   Code   RO         1420    i.HAL_Init          stm32f1xx_hal.o
    0x080029ac   0x00000040   Code   RO         1421    i.HAL_InitTick      stm32f1xx_hal.o
    0x080029ec   0x0000003c   Code   RO          983    i.HAL_MspInit       stm32f1xx_hal_msp.o
    0x08002a28   0x0000001a   Code   RO         1884    i.HAL_NVIC_EnableIRQ  stm32f1xx_hal_cortex.o
    0x08002a42   0x00000002   PAD
    0x08002a44   0x00000040   Code   RO         1890    i.HAL_NVIC_SetPriority  stm32f1xx_hal_cortex.o
    0x08002a84   0x00000024   Code   RO         1891    i.HAL_NVIC_SetPriorityGrouping  stm32f1xx_hal_cortex.o
    0x08002aa8   0x0000000c   Code   RO         2006    i.HAL_PWR_EnableBkUpAccess  stm32f1xx_hal_pwr.o
    0x08002ab4   0x000000a4   Code   RO         1680    i.HAL_RCCEx_GetPeriphCLKFreq  stm32f1xx_hal_rcc_ex.o
    0x08002b58   0x000000ec   Code   RO         1681    i.HAL_RCCEx_PeriphCLKConfig  stm32f1xx_hal_rcc_ex.o
    0x08002c44   0x0000012c   Code   RO         1577    i.HAL_RCC_ClockConfig  stm32f1xx_hal_rcc.o
    0x08002d70   0x00000020   Code   RO         1584    i.HAL_RCC_GetPCLK1Freq  stm32f1xx_hal_rcc.o
    0x08002d90   0x00000020   Code   RO         1585    i.HAL_RCC_GetPCLK2Freq  stm32f1xx_hal_rcc.o
    0x08002db0   0x0000004c   Code   RO         1586    i.HAL_RCC_GetSysClockFreq  stm32f1xx_hal_rcc.o
    0x08002dfc   0x00000320   Code   RO         1589    i.HAL_RCC_OscConfig  stm32f1xx_hal_rcc.o
    0x0800311c   0x000000a0   Code   RO         2863    i.HAL_RTC_GetDate   stm32f1xx_hal_rtc.o
    0x080031bc   0x00000064   Code   RO         2865    i.HAL_RTC_GetTime   stm32f1xx_hal_rtc.o
    0x08003220   0x000000a0   Code   RO         2866    i.HAL_RTC_Init      stm32f1xx_hal_rtc.o
    0x080032c0   0x00000034   Code   RO          427    i.HAL_RTC_MspInit   rtc.o
    0x080032f4   0x00000118   Code   RO         2872    i.HAL_RTC_SetDate   stm32f1xx_hal_rtc.o
    0x0800340c   0x0000009c   Code   RO         2873    i.HAL_RTC_SetTime   stm32f1xx_hal_rtc.o
    0x080034a8   0x0000003a   Code   RO         2874    i.HAL_RTC_WaitForSynchro  stm32f1xx_hal_rtc.o
    0x080034e2   0x00000028   Code   RO         1895    i.HAL_SYSTICK_Config  stm32f1xx_hal_cortex.o
    0x0800350a   0x00000002   Code   RO         3839    i.HAL_TIMEx_BreakCallback  stm32f1xx_hal_tim_ex.o
    0x0800350c   0x00000002   Code   RO         3840    i.HAL_TIMEx_CommutCallback  stm32f1xx_hal_tim_ex.o
    0x0800350e   0x00000002   PAD
    0x08003510   0x00000068   Code   RO         3858    i.HAL_TIMEx_MasterConfigSynchronization  stm32f1xx_hal_tim_ex.o
    0x08003578   0x0000005a   Code   RO         3135    i.HAL_TIM_Base_Init  stm32f1xx_hal_tim.o
    0x080035d2   0x00000002   PAD
    0x080035d4   0x00000088   Code   RO          469    i.HAL_TIM_Base_MspInit  tim.o
    0x0800365c   0x00000058   Code   RO         3140    i.HAL_TIM_Base_Start_IT  stm32f1xx_hal_tim.o
    0x080036b4   0x00000026   Code   RO         3141    i.HAL_TIM_Base_Stop  stm32f1xx_hal_tim.o
    0x080036da   0x000000dc   Code   RO         3144    i.HAL_TIM_ConfigClockSource  stm32f1xx_hal_tim.o
    0x080037b6   0x00000002   Code   RO         3169    i.HAL_TIM_IC_CaptureCallback  stm32f1xx_hal_tim.o
    0x080037b8   0x00000166   Code   RO         3183    i.HAL_TIM_IRQHandler  stm32f1xx_hal_tim.o
    0x0800391e   0x00000002   Code   RO         3186    i.HAL_TIM_OC_DelayElapsedCallback  stm32f1xx_hal_tim.o
    0x08003920   0x00000002   Code   RO         3213    i.HAL_TIM_PWM_PulseFinishedCallback  stm32f1xx_hal_tim.o
    0x08003922   0x00000002   PAD
    0x08003924   0x00000338   Code   RO          470    i.HAL_TIM_PeriodElapsedCallback  tim.o
    0x08003c5c   0x00000002   Code   RO         3226    i.HAL_TIM_TriggerCallback  stm32f1xx_hal_tim.o
    0x08003c5e   0x0000004e   Code   RO         4116    i.HAL_UARTEx_ReceiveToIdle_DMA  stm32f1xx_hal_uart.o
    0x08003cac   0x000001b0   Code   RO          531    i.HAL_UARTEx_RxEventCallback  usart.o
    0x08003e5c   0x00000002   Code   RO         4132    i.HAL_UART_ErrorCallback  stm32f1xx_hal_uart.o
    0x08003e5e   0x00000002   PAD
    0x08003e60   0x0000027c   Code   RO         4135    i.HAL_UART_IRQHandler  stm32f1xx_hal_uart.o
    0x080040dc   0x00000064   Code   RO         4136    i.HAL_UART_Init     stm32f1xx_hal_uart.o
    0x08004140   0x000000b0   Code   RO          533    i.HAL_UART_MspInit  usart.o
    0x080041f0   0x00000002   Code   RO         4142    i.HAL_UART_RxCpltCallback  stm32f1xx_hal_uart.o
    0x080041f2   0x00000002   Code   RO         4143    i.HAL_UART_RxHalfCpltCallback  stm32f1xx_hal_uart.o
    0x080041f4   0x00000002   Code   RO         4147    i.HAL_UART_TxCpltCallback  stm32f1xx_hal_uart.o
    0x080041f6   0x00000002   Code   RO          855    i.HardFault_Handler  stm32f1xx_it.o
    0x080041f8   0x0000002e   Code   RO         2439    i.I2C_IsAcknowledgeFailed  stm32f1xx_hal_i2c.o
    0x08004226   0x00000002   PAD
    0x08004228   0x0000009c   Code   RO         2443    i.I2C_MasterRequestWrite  stm32f1xx_hal_i2c.o
    0x080042c4   0x00000080   Code   RO         2454    i.I2C_WaitOnBTFFlagUntilTimeout  stm32f1xx_hal_i2c.o
    0x08004344   0x000000bc   Code   RO         2455    i.I2C_WaitOnFlagUntilTimeout  stm32f1xx_hal_i2c.o
    0x08004400   0x000000e0   Code   RO         2456    i.I2C_WaitOnMasterAddressFlagUntilTimeout  stm32f1xx_hal_i2c.o
    0x080044e0   0x00000080   Code   RO         2458    i.I2C_WaitOnTXEFlagUntilTimeout  stm32f1xx_hal_i2c.o
    0x08004560   0x00000006   Code   RO          764    i.LCD_BlinkOn       lcd_4bit.o
    0x08004566   0x00000006   Code   RO          765    i.LCD_Blinkoff      lcd_4bit.o
    0x0800456c   0x000001e4   Code   RO          636    i.LED_TEST          page3.o
    0x08004750   0x00000048   Code   RO           16    i.MEASURMENT        main.o
    0x08004798   0x000001a8   Code   RO          700    i.MODE              page2.o
    0x08004940   0x0000004c   Code   RO          284    i.MX_ADC1_Init      adc.o
    0x0800498c   0x00000050   Code   RO          285    i.MX_ADC2_Init      adc.o
    0x080049dc   0x0000002c   Code   RO          330    i.MX_DMA_Init       dma.o
    0x08004a08   0x000000f8   Code   RO          258    i.MX_GPIO_Init      gpio.o
    0x08004b00   0x00000040   Code   RO          356    i.MX_I2C1_Init      i2c.o
    0x08004b40   0x0000002c   Code   RO          428    i.MX_RTC_Init       rtc.o
    0x08004b6c   0x00000068   Code   RO          471    i.MX_TIM2_Init      tim.o
    0x08004bd4   0x00000070   Code   RO          472    i.MX_TIM3_Init      tim.o
    0x08004c44   0x00000070   Code   RO          473    i.MX_TIM4_Init      tim.o
    0x08004cb4   0x00000038   Code   RO          534    i.MX_USART1_UART_Init  usart.o
    0x08004cec   0x00000002   Code   RO          856    i.MemManage_Handler  stm32f1xx_it.o
    0x08004cee   0x00000002   Code   RO          857    i.NMI_Handler       stm32f1xx_it.o
    0x08004cf0   0x00000002   Code   RO          858    i.PendSV_Handler    stm32f1xx_it.o
    0x08004cf2   0x00000012   Code   RO         2875    i.RTC_Bcd2ToByte    stm32f1xx_hal_rtc.o
    0x08004d04   0x00000034   Code   RO         2877    i.RTC_EnterInitMode  stm32f1xx_hal_rtc.o
    0x08004d38   0x00000036   Code   RO         2878    i.RTC_ExitInitMode  stm32f1xx_hal_rtc.o
    0x08004d6e   0x00000020   Code   RO         2879    i.RTC_ReadTimeCounter  stm32f1xx_hal_rtc.o
    0x08004d8e   0x00000056   Code   RO         2880    i.RTC_WeekDayNum    stm32f1xx_hal_rtc.o
    0x08004de4   0x00000028   Code   RO         2882    i.RTC_WriteTimeCounter  stm32f1xx_hal_rtc.o
    0x08004e0c   0x00000002   Code   RO          859    i.SVC_Handler       stm32f1xx_it.o
    0x08004e0e   0x00000004   Code   RO          860    i.SysTick_Handler   stm32f1xx_it.o
    0x08004e12   0x00000086   Code   RO           17    i.SystemClock_Config  main.o
    0x08004e98   0x00000002   Code   RO         4471    i.SystemInit        system_stm32f1xx.o
    0x08004e9a   0x00000002   PAD
    0x08004e9c   0x0000000c   Code   RO          861    i.TIM2_IRQHandler   stm32f1xx_it.o
    0x08004ea8   0x0000000c   Code   RO          862    i.TIM3_IRQHandler   stm32f1xx_it.o
    0x08004eb4   0x0000000c   Code   RO          863    i.TIM4_IRQHandler   stm32f1xx_it.o
    0x08004ec0   0x0000006c   Code   RO         3228    i.TIM_Base_SetConfig  stm32f1xx_hal_tim.o
    0x08004f2c   0x00000014   Code   RO         3239    i.TIM_ETR_SetConfig  stm32f1xx_hal_tim.o
    0x08004f40   0x00000010   Code   RO         3240    i.TIM_ITRx_SetConfig  stm32f1xx_hal_tim.o
    0x08004f50   0x00000022   Code   RO         3246    i.TIM_TI1_ConfigInputStage  stm32f1xx_hal_tim.o
    0x08004f72   0x00000024   Code   RO         3248    i.TIM_TI2_ConfigInputStage  stm32f1xx_hal_tim.o
    0x08004f96   0x00000010   Code   RO         4149    i.UART_DMAAbortOnError  stm32f1xx_hal_uart.o
    0x08004fa6   0x0000004a   Code   RO         4150    i.UART_DMAError     stm32f1xx_hal_uart.o
    0x08004ff0   0x00000086   Code   RO         4151    i.UART_DMAReceiveCplt  stm32f1xx_hal_uart.o
    0x08005076   0x0000001e   Code   RO         4153    i.UART_DMARxHalfCplt  stm32f1xx_hal_uart.o
    0x08005094   0x0000004e   Code   RO         4159    i.UART_EndRxTransfer  stm32f1xx_hal_uart.o
    0x080050e2   0x0000001c   Code   RO         4160    i.UART_EndTxTransfer  stm32f1xx_hal_uart.o
    0x080050fe   0x000000c2   Code   RO         4161    i.UART_Receive_IT   stm32f1xx_hal_uart.o
    0x080051c0   0x000000b8   Code   RO         4162    i.UART_SetConfig    stm32f1xx_hal_uart.o
    0x08005278   0x00000090   Code   RO         4163    i.UART_Start_Receive_DMA  stm32f1xx_hal_uart.o
    0x08005308   0x0000000c   Code   RO          864    i.USART1_IRQHandler  stm32f1xx_it.o
    0x08005314   0x00000002   Code   RO          865    i.UsageFault_Handler  stm32f1xx_it.o
    0x08005316   0x00000002   PAD
    0x08005318   0x000000a8   Code   RO          701    i.VOLTAGE_SOURCES   page2.o
    0x080053c0   0x000000ec   Code   RO          702    i.VOLTAGE_STATUS    page2.o
    0x080054ac   0x00000028   Code   RO         4664    i.__ARM_fpclassify  m_ws.l(fpclassify.o)
    0x080054d4   0x00000020   Code   RO         1897    i.__NVIC_SetPriority  stm32f1xx_hal_cortex.o
    0x080054f4   0x0000000e   Code   RO         4552    i._is_digit         c_w.l(__printf_wp.o)
    0x08005502   0x00000026   Code   RO         2883    i.check_for_leap_year  stm32f1xx_hal_rtc.o
    0x08005528   0x00000128   Code   RO          703    i.conection         page2.o
    0x08005650   0x00000160   Code   RO         1008    i.decrease          menu.o
    0x080057b0   0x00000294   Code   RO          582    i.event_list        event_save.o
    0x08005a44   0x00000154   Code   RO          583    i.event_save        event_save.o
    0x08005b98   0x00000054   Code   RO           18    i.first_buzzer      main.o
    0x08005bec   0x00000164   Code   RO         1009    i.increase          menu.o
    0x08005d50   0x00000012   Code   RO          767    i.lcd_clear         lcd_4bit.o
    0x08005d62   0x0000005c   Code   RO          768    i.lcd_init          lcd_4bit.o
    0x08005dbe   0x0000002c   Code   RO          769    i.lcd_send_cmd      lcd_4bit.o
    0x08005dea   0x0000001c   Code   RO          770    i.lcd_send_data     lcd_4bit.o
    0x08005e06   0x00000002   PAD
    0x08005e08   0x00000038   Code   RO          771    i.lcd_set_cursor    lcd_4bit.o
    0x08005e40   0x00000054   Code   RO          772    i.lcd_write_nibble  lcd_4bit.o
    0x08005e94   0x00000014   Code   RO          773    i.lcd_write_string  lcd_4bit.o
    0x08005ea8   0x00000054   Code   RO           19    i.lk                main.o
    0x08005efc   0x00000368   Code   RO           20    i.main              main.o
    0x08006264   0x00000048   Code   RO           21    i.manual            main.o
    0x080062ac   0x00000094   Code   RO         1010    i.page1_list        menu.o
    0x08006340   0x000001bc   Code   RO         1011    i.page1_menu        menu.o
    0x080064fc   0x000000dc   Code   RO          704    i.page2_list        page2.o
    0x080065d8   0x00000188   Code   RO          705    i.page2_menu        page2.o
    0x08006760   0x000000a0   Code   RO          637    i.page3_list        page3.o
    0x08006800   0x00000174   Code   RO          638    i.page3_menu        page3.o
    0x08006974   0x000000b8   Code   RO         1012    i.save              menu.o
    0x08006a2c   0x0000003c   Code   RO         1013    i.save_dis_watchtimer  menu.o
    0x08006a68   0x000000f0   Code   RO          584    i.scroll            event_save.o
    0x08006b58   0x00000050   Code   RO           22    i.second_buzzer     main.o
    0x08006ba8   0x0000017c   Code   RO         1014    i.set_time_date     menu.o
    0x08006d24   0x00000200   Code   RO         1015    i.set_time_watch    menu.o
    0x08006f24   0x00000090   Code   RO         1016    i.time_dis          menu.o
    0x08006fb4   0x0000002c   Code   RO         4660    locale$$code        c_w.l(lc_numeric_c.o)
    0x08006fe0   0x0000000c   Code   RO         4601    x$fpl$dretinf       fz_ws.l(dretinf.o)
    0x08006fec   0x00000056   Code   RO         4573    x$fpl$f2d           fz_ws.l(f2d.o)
    0x08007042   0x00000002   PAD
    0x08007044   0x00000184   Code   RO         4576    x$fpl$fdiv          fz_ws.l(fdiv.o)
    0x080071c8   0x00000026   Code   RO         4579    x$fpl$ffltu         fz_ws.l(fflt_clz.o)
    0x080071ee   0x00000002   PAD
    0x080071f0   0x00000102   Code   RO         4585    x$fpl$fmul          fz_ws.l(fmul.o)
    0x080072f2   0x0000008c   Code   RO         4603    x$fpl$fnaninf       fz_ws.l(fnaninf.o)
    0x0800737e   0x0000000a   Code   RO         4605    x$fpl$fretinf       fz_ws.l(fretinf.o)
    0x08007388   0x00000004   Code   RO         4587    x$fpl$printf1       fz_ws.l(printf1.o)
    0x0800738c   0x00000000   Code   RO         4607    x$fpl$usenofp       fz_ws.l(usenofp.o)
    0x0800738c   0x00000012   Data   RO         1590    .constdata          stm32f1xx_hal_rcc.o
    0x0800739e   0x00000012   Data   RO         1682    .constdata          stm32f1xx_hal_rcc_ex.o
    0x080073b0   0x0000000c   Data   RO         2884    .constdata          stm32f1xx_hal_rtc.o
    0x080073bc   0x00000010   Data   RO         4472    .constdata          system_stm32f1xx.o
    0x080073cc   0x00000008   Data   RO         4473    .constdata          system_stm32f1xx.o
    0x080073d4   0x00000028   Data   RO         4525    .constdata          c_w.l(_printf_hex_int.o)
    0x080073fc   0x00000011   Data   RO         4555    .constdata          c_w.l(__printf_flags_wp.o)
    0x0800740d   0x00000003   PAD
    0x08007410   0x00000094   Data   RO         4635    .constdata          c_w.l(bigflt0.o)
    0x080074a4   0x00000020   Data   RO         4805    Region$$Table       anon$$obj.o
    0x080074c4   0x0000001c   Data   RO         4659    locale$$data        c_w.l(lc_numeric_c.o)


    Execution Region RW_IRAM1 (Base: 0x20000000, Size: 0x00000b80, Max: 0x00005000, ABSOLUTE)

    Base Addr    Size         Type   Attr      Idx    E Section Name        Object

    0x20000000   0x00000020   Data   RW           28    .data               main.o
    0x20000020   0x00000001   Data   RW           31    .data               main.o
    0x20000021   0x00000001   Data   RW           35    .data               main.o
    0x20000022   0x00000001   Data   RW           36    .data               main.o
    0x20000023   0x00000001   PAD
    0x20000024   0x00000014   Data   RW          474    .data               tim.o
    0x20000038   0x0000000a   Data   RW          536    .data               usart.o
    0x20000042   0x00000002   PAD
    0x20000044   0x00000010   Data   RW          586    .data               event_save.o
    0x20000054   0x00000008   Data   RW          639    .data               page3.o
    0x2000005c   0x00000004   Data   RW          707    .data               page2.o
    0x20000060   0x00000001   Data   RW          774    .data               lcd_4bit.o
    0x20000061   0x00000001   PAD
    0x20000062   0x00000014   Data   RW         1017    .data               menu.o
    0x20000076   0x00000002   PAD
    0x20000078   0x0000000c   Data   RW         1427    .data               stm32f1xx_hal.o
    0x20000084   0x00000010   Data   RW         1724    .data               stm32f1xx_hal_gpio.o
    0x20000094   0x00000002   Data   RW         1725    .data               stm32f1xx_hal_gpio.o
    0x20000096   0x00000002   PAD
    0x20000098   0x0000000c   Data   RW         2459    .data               stm32f1xx_hal_i2c.o
    0x200000a4   0x00000004   Data   RW         2887    .data               stm32f1xx_hal_rtc.o
    0x200000a8   0x00000004   Data   RW         4474    .data               system_stm32f1xx.o
    0x200000ac   0x0000005c   Zero   RW           23    .bss                main.o
    0x20000108   0x00000048   Zero   RW           24    .bss                main.o
    0x20000150   0x00000048   Zero   RW           25    .bss                main.o
    0x20000198   0x00000048   Zero   RW           26    .bss                main.o
    0x200001e0   0x00000060   Zero   RW          286    .bss                adc.o
    0x20000240   0x00000054   Zero   RW          357    .bss                i2c.o
    0x20000294   0x00000014   Zero   RW          429    .bss                rtc.o
    0x200002a8   0x000000a8   Zero   RW          535    .bss                usart.o
    0x20000350   0x00000186   Zero   RW          585    .bss                event_save.o
    0x200004d6   0x00000028   Zero   RW          706    .bss                page2.o
    0x200004fe   0x00000002   PAD
    0x20000500   0x00000020   Zero   RW         2138    .bss                stm32f1xx_hal_flash.o
    0x20000520   0x00000060   Zero   RW         4667    .bss                c_w.l(libspace.o)
    0x20000580   0x00000200   Zero   RW            2    HEAP                startup_stm32f103xb.o
    0x20000780   0x00000400   Zero   RW            1    STACK               startup_stm32f103xb.o


==============================================================================

Image component sizes


      Code (inc. data)   RO Data    RW Data    ZI Data      Debug   Object Name

       292         36          0          0         96       2090   adc.o
        44          4          0          0          0        678   dma.o
      1240        230          0         16        390       3806   event_save.o
       248         16          0          0          0        935   gpio.o
       212         38          0          0         84       1977   i2c.o
       354         14          0          1          0       5116   lcd_4bit.o
      1602        254          0         35        308     468608   main.o
      2720        556          0         20          0       7689   menu.o
      1796        476          0          4         40       5602   page2.o
      1704        302          0          8          0       5784   page3.o
        96         22          0          0         20       1391   rtc.o
        64         26        236          0       1536        772   startup_stm32f103xb.o
       164         28          0         12          0       5589   stm32f1xx_hal.o
      1260         54          0          0          0       6212   stm32f1xx_hal_adc.o
       198         14          0          0          0      28707   stm32f1xx_hal_cortex.o
       808         36          0          0          0       4714   stm32f1xx_hal_dma.o
        88         26          0          0         32       2178   stm32f1xx_hal_flash.o
        36          8          0          0          0       1761   stm32f1xx_hal_flash_ex.o
       822         72          0         18          0       5753   stm32f1xx_hal_gpio.o
      1656         58          0         12          0      10028   stm32f1xx_hal_i2c.o
        60          8          0          0          0        794   stm32f1xx_hal_msp.o
        12          4          0          0          0        475   stm32f1xx_hal_pwr.o
      1240         84         18          0          0       4876   stm32f1xx_hal_rcc.o
       400         28         18          0          0       2353   stm32f1xx_hal_rcc_ex.o
      1234         48         12          4          0      10799   stm32f1xx_hal_rtc.o
      1016         26          0          0          0       9729   stm32f1xx_hal_tim.o
       108         12          0          0          0       2245   stm32f1xx_hal_tim_ex.o
      1704         38          0          0          0      11588   stm32f1xx_hal_uart.o
       160         30          0          0          0       7580   stm32f1xx_it.o
         2          0         24          4          0        999   system_stm32f1xx.o
      1288        148          0         20          0       5898   tim.o
       664         54          0         10        168       4290   usart.o

    ----------------------------------------------------------------------
     23322       2750        340        172       2676     631016   Object Totals
         0          0         32          0          0          0   (incl. Generated)
        30          0          0          8          2          0   (incl. Padding)

    ----------------------------------------------------------------------

      Code (inc. data)   RO Data    RW Data    ZI Data      Debug   Library Member Name

         8          0          0          0          0         68   __main.o
       312          4         17          0          0         92   __printf_flags_wp.o
        14          0          0          0          0         68   __printf_wp.o
         0          0          0          0          0          0   __rtentry.o
        12          0          0          0          0          0   __rtentry2.o
         6          0          0          0          0          0   __rtentry4.o
        52          8          0          0          0          0   __scatter.o
        26          0          0          0          0          0   __scatter_copy.o
        28          0          0          0          0          0   __scatter_zi.o
         6          0          0          0          0          0   _printf_c.o
        44          0          0          0          0        108   _printf_char.o
        48          6          0          0          0         96   _printf_char_common.o
         6          0          0          0          0          0   _printf_d.o
       120         16          0          0          0         92   _printf_dec.o
         6          0          0          0          0          0   _printf_f.o
      1050          0          0          0          0        216   _printf_fp_dec.o
       128         16          0          0          0         84   _printf_fp_infnan.o
        88          4         40          0          0         88   _printf_hex_int.o
       178          0          0          0          0         88   _printf_intcommon.o
        78          0          0          0          0        108   _printf_pad.o
         0          0          0          0          0          0   _printf_percent.o
         4          0          0          0          0          0   _printf_percent_end.o
        82          0          0          0          0         80   _printf_str.o
         6          0          0          0          0          0   _printf_x.o
        10          0          0          0          0         68   _sputc.o
       220          4        148          0          0         96   bigflt0.o
      1910        128          0          0          0        672   btod.o
        18          0          0          0          0         80   exit.o
         6          0          0          0          0        152   heapauxi.o
         0          0          0          0          0          0   indicate_semi.o
        44         10         28          0          0         76   lc_numeric_c.o
         2          0          0          0          0          0   libinit.o
        18          0          0          0          0          0   libinit2.o
         2          0          0          0          0          0   libshutdown.o
         2          0          0          0          0          0   libshutdown2.o
         8          4          0          0         96         68   libspace.o
       138          0          0          0          0         80   lludiv10.o
        40          6          0          0          0         84   noretval__2sprintf.o
         8          4          0          0          0         68   rt_locale_intlibspace.o
        78          0          0          0          0         80   rt_memclr_w.o
         2          0          0          0          0          0   rtexit.o
        10          0          0          0          0          0   rtexit2.o
       128          0          0          0          0         68   strcmpv7m.o
        12          4          0          0          0         68   sys_exit.o
        74          0          0          0          0         80   sys_stackheap_outer.o
         2          0          0          0          0         68   use_no_semi.o
        12          0          0          0          0         68   dretinf.o
        86          4          0          0          0         84   f2d.o
       388         76          0          0          0         96   fdiv.o
        38          0          0          0          0         68   fflt_clz.o
       258          4          0          0          0         84   fmul.o
       140          4          0          0          0         84   fnaninf.o
        10          0          0          0          0         68   fretinf.o
         4          0          0          0          0         68   printf1.o
         0          0          0          0          0          0   usenofp.o
        40          0          0          0          0         68   fpclassify.o

    ----------------------------------------------------------------------
      6022        302        236          0         96       3684   Library Totals
        12          0          3          0          0          0   (incl. Padding)

    ----------------------------------------------------------------------

      Code (inc. data)   RO Data    RW Data    ZI Data      Debug   Library Name

      5034        214        233          0         96       2996   c_w.l
       936         88          0          0          0        620   fz_ws.l
        40          0          0          0          0         68   m_ws.l

    ----------------------------------------------------------------------
      6022        302        236          0         96       3684   Library Totals

    ----------------------------------------------------------------------

==============================================================================


      Code (inc. data)   RO Data    RW Data    ZI Data      Debug   

     29344       3052        576        172       2772     623568   Grand Totals
     29344       3052        576        172       2772     623568   ELF Image Totals
     29344       3052        576        172          0          0   ROM Totals

==============================================================================

    Total RO  Size (Code + RO Data)                29920 (  29.22kB)
    Total RW  Size (RW Data + ZI Data)              2944 (   2.88kB)
    Total ROM Size (Code + RO Data + RW Data)      30092 (  29.39kB)

==============================================================================

